Archive member included to satisfy reference by file (symbol)

D:/SDK/arm-gnu-toolchain-13.2.rel1/bin/../lib/gcc/arm-none-eabi/13.2.1/thumb/v7e-m+fp/hard\libc_nano.a(libc_a-exit.o)
                              D:/SDK/arm-gnu-toolchain-13.2.rel1/bin/../lib/gcc/arm-none-eabi/13.2.1/thumb/v7e-m+fp/hard/crt0.o (exit)
D:/SDK/arm-gnu-toolchain-13.2.rel1/bin/../lib/gcc/arm-none-eabi/13.2.1/thumb/v7e-m+fp/hard\libc_nano.a(libc_a-findfp.o)
                              D:/SDK/arm-gnu-toolchain-13.2.rel1/bin/../lib/gcc/arm-none-eabi/13.2.1/thumb/v7e-m+fp/hard\libc_nano.a(libc_a-exit.o) (__stdio_exit_handler)
D:/SDK/arm-gnu-toolchain-13.2.rel1/bin/../lib/gcc/arm-none-eabi/13.2.1/thumb/v7e-m+fp/hard\libc_nano.a(libc_a-fwalk.o)
                              D:/SDK/arm-gnu-toolchain-13.2.rel1/bin/../lib/gcc/arm-none-eabi/13.2.1/thumb/v7e-m+fp/hard\libc_nano.a(libc_a-findfp.o) (_fwalk_sglue)
D:/SDK/arm-gnu-toolchain-13.2.rel1/bin/../lib/gcc/arm-none-eabi/13.2.1/thumb/v7e-m+fp/hard\libc_nano.a(libc_a-stdio.o)
                              D:/SDK/arm-gnu-toolchain-13.2.rel1/bin/../lib/gcc/arm-none-eabi/13.2.1/thumb/v7e-m+fp/hard\libc_nano.a(libc_a-findfp.o) (__sread)
D:/SDK/arm-gnu-toolchain-13.2.rel1/bin/../lib/gcc/arm-none-eabi/13.2.1/thumb/v7e-m+fp/hard\libc_nano.a(libc_a-memset.o)
                              D:/SDK/arm-gnu-toolchain-13.2.rel1/bin/../lib/gcc/arm-none-eabi/13.2.1/thumb/v7e-m+fp/hard/crt0.o (memset)
D:/SDK/arm-gnu-toolchain-13.2.rel1/bin/../lib/gcc/arm-none-eabi/13.2.1/thumb/v7e-m+fp/hard\libc_nano.a(libc_a-closer.o)
                              D:/SDK/arm-gnu-toolchain-13.2.rel1/bin/../lib/gcc/arm-none-eabi/13.2.1/thumb/v7e-m+fp/hard\libc_nano.a(libc_a-stdio.o) (_close_r)
D:/SDK/arm-gnu-toolchain-13.2.rel1/bin/../lib/gcc/arm-none-eabi/13.2.1/thumb/v7e-m+fp/hard\libc_nano.a(libc_a-reent.o)
                              D:/SDK/arm-gnu-toolchain-13.2.rel1/bin/../lib/gcc/arm-none-eabi/13.2.1/thumb/v7e-m+fp/hard\libc_nano.a(libc_a-closer.o) (errno)
D:/SDK/arm-gnu-toolchain-13.2.rel1/bin/../lib/gcc/arm-none-eabi/13.2.1/thumb/v7e-m+fp/hard\libc_nano.a(libc_a-impure.o)
                              D:/SDK/arm-gnu-toolchain-13.2.rel1/bin/../lib/gcc/arm-none-eabi/13.2.1/thumb/v7e-m+fp/hard\libc_nano.a(libc_a-reent.o) (_impure_ptr)
D:/SDK/arm-gnu-toolchain-13.2.rel1/bin/../lib/gcc/arm-none-eabi/13.2.1/thumb/v7e-m+fp/hard\libc_nano.a(libc_a-lseekr.o)
                              D:/SDK/arm-gnu-toolchain-13.2.rel1/bin/../lib/gcc/arm-none-eabi/13.2.1/thumb/v7e-m+fp/hard\libc_nano.a(libc_a-stdio.o) (_lseek_r)
D:/SDK/arm-gnu-toolchain-13.2.rel1/bin/../lib/gcc/arm-none-eabi/13.2.1/thumb/v7e-m+fp/hard\libc_nano.a(libc_a-readr.o)
                              D:/SDK/arm-gnu-toolchain-13.2.rel1/bin/../lib/gcc/arm-none-eabi/13.2.1/thumb/v7e-m+fp/hard\libc_nano.a(libc_a-stdio.o) (_read_r)
D:/SDK/arm-gnu-toolchain-13.2.rel1/bin/../lib/gcc/arm-none-eabi/13.2.1/thumb/v7e-m+fp/hard\libc_nano.a(libc_a-writer.o)
                              D:/SDK/arm-gnu-toolchain-13.2.rel1/bin/../lib/gcc/arm-none-eabi/13.2.1/thumb/v7e-m+fp/hard\libc_nano.a(libc_a-stdio.o) (_write_r)
D:/SDK/arm-gnu-toolchain-13.2.rel1/bin/../lib/gcc/arm-none-eabi/13.2.1/thumb/v7e-m+fp/hard\libc_nano.a(libc_a-init.o)
                              D:/SDK/arm-gnu-toolchain-13.2.rel1/bin/../lib/gcc/arm-none-eabi/13.2.1/thumb/v7e-m+fp/hard/crt0.o (__libc_init_array)
D:/SDK/arm-gnu-toolchain-13.2.rel1/bin/../lib/gcc/arm-none-eabi/13.2.1/thumb/v7e-m+fp/hard\libc_nano.a(libc_a-lock.o)
                              D:/SDK/arm-gnu-toolchain-13.2.rel1/bin/../lib/gcc/arm-none-eabi/13.2.1/thumb/v7e-m+fp/hard\libc_nano.a(libc_a-findfp.o) (__retarget_lock_init_recursive)
D:/SDK/arm-gnu-toolchain-13.2.rel1/bin/../lib/gcc/arm-none-eabi/13.2.1/thumb/v7e-m+fp/hard\libc_nano.a(libc_a-freer.o)
                              D:/SDK/arm-gnu-toolchain-13.2.rel1/bin/../lib/gcc/arm-none-eabi/13.2.1/thumb/v7e-m+fp/hard\libc_nano.a(libc_a-reent.o) (_free_r)
D:/SDK/arm-gnu-toolchain-13.2.rel1/bin/../lib/gcc/arm-none-eabi/13.2.1/thumb/v7e-m+fp/hard\libc_nano.a(libc_a-mallocr.o)
                              D:/SDK/arm-gnu-toolchain-13.2.rel1/bin/../lib/gcc/arm-none-eabi/13.2.1/thumb/v7e-m+fp/hard\libc_nano.a(libc_a-findfp.o) (_malloc_r)
D:/SDK/arm-gnu-toolchain-13.2.rel1/bin/../lib/gcc/arm-none-eabi/13.2.1/thumb/v7e-m+fp/hard\libc_nano.a(libc_a-mlock.o)
                              D:/SDK/arm-gnu-toolchain-13.2.rel1/bin/../lib/gcc/arm-none-eabi/13.2.1/thumb/v7e-m+fp/hard\libc_nano.a(libc_a-freer.o) (__malloc_lock)
D:/SDK/arm-gnu-toolchain-13.2.rel1/bin/../lib/gcc/arm-none-eabi/13.2.1/thumb/v7e-m+fp/hard\libc_nano.a(libc_a-fflush.o)
                              D:/SDK/arm-gnu-toolchain-13.2.rel1/bin/../lib/gcc/arm-none-eabi/13.2.1/thumb/v7e-m+fp/hard\libc_nano.a(libc_a-findfp.o) (_fflush_r)
D:/SDK/arm-gnu-toolchain-13.2.rel1/bin/../lib/gcc/arm-none-eabi/13.2.1/thumb/v7e-m+fp/hard\libc_nano.a(libc_a-sbrkr.o)
[...]
Memory Configuration

Name             Origin             Length             Attributes
RAM              0x20000000         0x00002000         xrw
FLASH            0x08000000         0x00010000         xr
*default*        0x00000000         0xffffffff

Linker script and memory map

LOAD D:/SDK/arm-gnu-toolchain-13.2.rel1/bin/../lib/gcc/arm-none-eabi/13.2.1/thumb/v7e-m+fp/hard/crti.o
LOAD D:/SDK/arm-gnu-toolchain-13.2.rel1/bin/../lib/gcc/arm-none-eabi/13.2.1/thumb/v7e-m+fp/hard/crtbegin.o
LOAD D:/SDK/arm-gnu-toolchain-13.2.rel1/bin/../lib/gcc/arm-none-eabi/13.2.1/thumb/v7e-m+fp/hard/crt0.o
START GROUP
LOAD D:/SDK/arm-gnu-toolchain-13.2.rel1/bin/../lib/gcc/arm-none-eabi/13.2.1/thumb/v7e-m+fp/hard\libc_nano.a
LOAD D:/SDK/arm-gnu-toolchain-13.2.rel1/bin/../lib/gcc/arm-none-eabi/13.2.1/thumb/v7e-m+fp/hard\libm.a
END GROUP
LOAD Source/CMakeFiles/GD32_FreeRTOS_templete_0.1.0.dir/Core/freertos.c.obj
LOAD Source/CMakeFiles/GD32_FreeRTOS_templete_0.1.0.dir/Core/gd32f3x0_it.c.obj
LOAD Source/CMakeFiles/GD32_FreeRTOS_templete_0.1.0.dir/Core/main.c.obj
LOAD Source/CMakeFiles/GD32_FreeRTOS_templete_0.1.0.dir/Retarget/src/printf.c.obj
LOAD Source/CMakeFiles/GD32_FreeRTOS_templete_0.1.0.dir/Retarget/src/scanf.c.obj
LOAD Source/CMakeFiles/GD32_FreeRTOS_templete_0.1.0.dir/Retarget/src/syscalls.c.obj
LOAD Source/CMakeFiles/GD32_FreeRTOS_templete_0.1.0.dir/Drivers/CMSIS/GD/GD32F3x0/Source/GNU/startup_gd32f3x0.s.obj
LOAD Source/CMakeFiles/GD32_FreeRTOS_templete_0.1.0.dir/Drivers/CMSIS/GD/GD32F3x0/Source/system_gd32f3x0.c.obj
LOAD Source/CMakeFiles/GD32_FreeRTOS_templete_0.1.0.dir/BSP/src/bsp_log.c.obj
LOAD Source/CMakeFiles/GD32_FreeRTOS_templete_0.1.0.dir/BSP/src/bsp_systick.c.obj
LOAD Source/CMakeFiles/GD32_FreeRTOS_templete_0.1.0.dir/BSP/src/bsp_timebase.c.obj
LOAD Source/CMakeFiles/GD32_FreeRTOS_templete_0.1.0.dir/BSP/src/bsp_uart.c.obj
LOAD Source/Middlewares/FreeRTOS/Source/libfreertos_kernel.a
LOAD Source/Drivers/RTT/libSEGGER_RTT.a
LOAD Source/Drivers/GD32F3x0_standard_peripheral/libGD32F3x0_standard_peripheral.a
LOAD Source/Middlewares/FreeRTOS/Source/portable/libfreertos_kernel_port.a
LOAD Source/Middlewares/FreeRTOS/Source/libfreertos_kernel.a
LOAD Source/Middlewares/FreeRTOS/Source/portable/libfreertos_kernel_port.a
START GROUP
LOAD D:/SDK/arm-gnu-toolchain-13.2.rel1/bin/../lib/gcc/arm-none-eabi/13.2.1/thumb/v7e-m+fp/hard\libgcc.a
LOAD D:/SDK/arm-gnu-toolchain-13.2.rel1/bin/../lib/gcc/arm-none-eabi/13.2.1/thumb/v7e-m+fp/hard\libg_nano.a
LOAD D:/SDK/arm-gnu-toolchain-13.2.rel1/bin/../lib/gcc/arm-none-eabi/13.2.1/thumb/v7e-m+fp/hard\libc_nano.a
END GROUP
START GROUP
LOAD D:/SDK/arm-gnu-toolchain-13.2.rel1/bin/../lib/gcc/arm-none-eabi/13.2.1/thumb/v7e-m+fp/hard\libgcc.a
LOAD D:/SDK/arm-gnu-toolchain-13.2.rel1/bin/../lib/gcc/arm-none-eabi/13.2.1/thumb/v7e-m+fp/hard\libc_nano.a
END GROUP
LOAD D:/SDK/arm-gnu-toolchain-13.2.rel1/bin/../lib/gcc/arm-none-eabi/13.2.1/thumb/v7e-m+fp/hard/crtend.o
LOAD D:/SDK/arm-gnu-toolchain-13.2.rel1/bin/../lib/gcc/arm-none-eabi/13.2.1/thumb/v7e-m+fp/hard/crtn.o
                0x20002000                        _estack = (ORIGIN (RAM) + LENGTH (RAM))
                0x00000000                        _Min_Heap_Size = 0x0
                0x00000200                        _Min_Stack_Size = 0x200

.isr_vector     0x08000000      0x150
                0x08000000                        . = ALIGN (0x4)
 *(.isr_vector)
 .isr_vector    0x08000000      0x150 Source/CMakeFiles/GD32_FreeRTOS_templete_0.1.0.dir/Drivers/CMSIS/GD/GD32F3x0/Source/GNU/startup_gd32f3x0.s.obj
                0x08000000                g_pfnVectors
                0x08000150                        . = ALIGN (0x4)

.text           0x08000150     0x3f04
                0x08000150                        . = ALIGN (0x4)
 *(.text)
 .text          0x08000150      0x1ac D:/SDK/arm-gnu-toolchain-13.2.rel1/bin/../lib/gcc/arm-none-eabi/13.2.1/thumb/v7e-m+fp/hard\libgcc.a(libunwind.o)
                0x08000150                __restore_core_regs
                0x08000150                restore_core_regs
                0x08000168                __gnu_Unwind_Restore_VFP
                0x08000170                __gnu_Unwind_Save_VFP
                0x08000178                __gnu_Unwind_Restore_VFP_D
                0x08000180                __gnu_Unwind_Save_VFP_D
                0x08000188                __gnu_Unwind_Restore_VFP_D_16_to_31
                0x08000190                __gnu_Unwind_Save_VFP_D_16_to_31
                0x08000198                __gnu_Unwind_Restore_WMMXD
                0x080001dc                __gnu_Unwind_Save_WMMXD
                0x08000220                __gnu_Unwind_Restore_WMMXC
                0x08000234                __gnu_Unwind_Save_WMMXC
                0x08000248                ___Unwind_RaiseException
                0x08000248                _Unwind_RaiseException
                0x0800026c                _Unwind_Resume
                0x0800026c                ___Unwind_Resume
                0x08000290                _Unwind_Resume_or_Rethrow
                0x08000290                ___Unwind_Resume_or_Rethrow
                0x080002b4                _Unwind_ForcedUnwind
                0x080002b4                ___Unwind_ForcedUnwind
                0x080002d8                ___Unwind_Backtrace
                0x080002d8                _Unwind_Backtrace
 .text          0x080002fc       0x10 D:/SDK/arm-gnu-toolchain-13.2.rel1/bin/../lib/gcc/arm-none-eabi/13.2.1/thumb/v7e-m+fp/hard\libg_nano.a(libc_a-strlen.o)
                0x080002fc                strlen
 *(.text*)
 .text.deregister_tm_clones
                0x0800030c       0x1c D:/SDK/arm-gnu-toolchain-13.2.rel1/bin/../lib/gcc/arm-none-eabi/13.2.1/thumb/v7e-m+fp/hard/crtbegin.o
 .text.register_tm_clones
                0x08000328       0x24 D:/SDK/arm-gnu-toolchain-13.2.rel1/bin/../lib/gcc/arm-none-eabi/13.2.1/thumb/v7e-m+fp/hard/crtbegin.o
 .text.__do_global_dtors_aux
                0x0800034c       0x28 D:/SDK/arm-gnu-toolchain-13.2.rel1/bin/../lib/gcc/arm-none-eabi/13.2.1/thumb/v7e-m+fp/hard/crtbegin.o
 .text.frame_dummy
                0x08000374       0x24 D:/SDK/arm-gnu-toolchain-13.2.rel1/bin/../lib/gcc/arm-none-eabi/13.2.1/thumb/v7e-m+fp/hard/crtbegin.o
 .text.memset   0x08000398       0x10 D:/SDK/arm-gnu-toolchain-13.2.rel1/bin/../lib/gcc/arm-none-eabi/13.2.1/thumb/v7e-m+fp/hard\libc_nano.a(libc_a-memset.o)
                0x08000398                memset
 .text.__libc_init_array
                0x080003a8       0x48 D:/SDK/arm-gnu-toolchain-13.2.rel1/bin/../lib/gcc/arm-none-eabi/13.2.1/thumb/v7e-m+fp/hard\libc_nano.a(libc_a-init.o)
                0x080003a8                __libc_init_array
 .text.delay    0x080003f0       0x18 Source/CMakeFiles/GD32_FreeRTOS_templete_0.1.0.dir/Core/freertos.c.obj
 .text.vApplicationGetIdleTaskMemory
                0x08000408       0x18 Source/CMakeFiles/GD32_FreeRTOS_templete_0.1.0.dir/Core/freertos.c.obj
                0x08000408                vApplicationGetIdleTaskMemory
 .text.vApplicationGetTimerTaskMemory
                0x08000420       0x18 Source/CMakeFiles/GD32_FreeRTOS_templete_0.1.0.dir/Core/freertos.c.obj
                0x08000420                vApplicationGetTimerTaskMemory
 .text.configureTimerForRunTimeStats
                0x08000438       0x30 Source/CMakeFiles/GD32_FreeRTOS_templete_0.1.0.dir/Core/freertos.c.obj
                0x08000438                configureTimerForRunTimeStats
 .text.getRunTimeCounterValue
                0x08000468        0xc Source/CMakeFiles/GD32_FreeRTOS_templete_0.1.0.dir/Core/freertos.c.obj
                0x08000468                getRunTimeCounterValue
 .text.vApplicationStackOverflowHook
                0x08000474       0x20 Source/CMakeFiles/GD32_FreeRTOS_templete_0.1.0.dir/Core/freertos.c.obj
                0x08000474                vApplicationStackOverflowHook
 .text.vApplicationMallocFailedHook
                0x08000494       0x1c Source/CMakeFiles/GD32_FreeRTOS_templete_0.1.0.dir/Core/freertos.c.obj
                0x08000494                vApplicationMallocFailedHook
 .text.NMI_Handler
                0x080004b0        0x2 Source/CMakeFiles/GD32_FreeRTOS_templete_0.1.0.dir/Core/gd32f3x0_it.c.obj
                0x080004b0                NMI_Handler
 .text.HardFault_Handler
                0x080004b2        0x2 Source/CMakeFiles/GD32_FreeRTOS_templete_0.1.0.dir/Core/gd32f3x0_it.c.obj
                0x080004b2                HardFault_Handler
 .text.MemManage_Handler
                0x080004b4        0x2 Source/CMakeFiles/GD32_FreeRTOS_templete_0.1.0.dir/Core/gd32f3x0_it.c.obj
                0x080004b4                MemManage_Handler
 .text.BusFault_Handler
                0x080004b6        0x2 Source/CMakeFiles/GD32_FreeRTOS_templete_0.1.0.dir/Core/gd32f3x0_it.c.obj
                0x080004b6                BusFault_Handler
 .text.UsageFault_Handler
                0x080004b8        0x2 Source/CMakeFiles/GD32_FreeRTOS_templete_0.1.0.dir/Core/gd32f3x0_it.c.obj
                0x080004b8                UsageFault_Handler
 .text.DebugMon_Handler
                0x080004ba        0x2 Source/CMakeFiles/GD32_FreeRTOS_templete_0.1.0.dir/Core/gd32f3x0_it.c.obj
                0x080004ba                DebugMon_Handler
 .text.vTask1   0x080004bc       0x44 Source/CMakeFiles/GD32_FreeRTOS_templete_0.1.0.dir/Core/main.c.obj
                0x080004bc                vTask1
 .text.vTask2   0x08000500       0x24 Source/CMakeFiles/GD32_FreeRTOS_templete_0.1.0.dir/Core/main.c.obj
                0x08000500                vTask2
 .text.main     0x08000524       0x6c Source/CMakeFiles/GD32_FreeRTOS_templete_0.1.0.dir/Core/main.c.obj
                0x08000524                main
 .text._getpid  0x08000590        0x4 Source/CMakeFiles/GD32_FreeRTOS_templete_0.1.0.dir/Retarget/src/syscalls.c.obj
                0x08000590                _getpid
 .text._kill    0x08000594       0x10 Source/CMakeFiles/GD32_FreeRTOS_templete_0.1.0.dir/Retarget/src/syscalls.c.obj
                0x08000594                _kill
 .text._exit    0x080005a4        0xc Source/CMakeFiles/GD32_FreeRTOS_templete_0.1.0.dir/Retarget/src/syscalls.c.obj
                0x080005a4                _exit
 .text.Reset_Handler
                0x080005b0       0x50 Source/CMakeFiles/GD32_FreeRTOS_templete_0.1.0.dir/Drivers/CMSIS/GD/GD32F3x0/Source/GNU/startup_gd32f3x0.s.obj
                0x080005b0                Reset_Handler
 .text.Default_Handler
                0x08000600        0x2 Source/CMakeFiles/GD32_FreeRTOS_templete_0.1.0.dir/Drivers/CMSIS/GD/GD32F3x0/Source/GNU/startup_gd32f3x0.s.obj
                0x08000600                TIMER2_IRQHandler
                0x08000600                LVD_IRQHandler
                0x08000600                TSI_IRQHandler
                0x08000600                TIMER15_IRQHandler
                0x08000600                USBFS_WKUP_IRQHandler
                0x08000600                TIMER5_DAC_IRQHandler
                0x08000600                USBFS_IRQHandler
                0x08000600                I2C0_EV_IRQHandler
                0x08000600                ADC_CMP_IRQHandler
                0x08000600                SPI1_IRQHandler
                0x08000600                DMA_Channel3_4_IRQHandler
                0x08000600                TIMER14_IRQHandler
                0x08000600                TIMER16_IRQHandler
                0x08000600                EXTI2_3_IRQHandler
                0x08000600                I2C0_ER_IRQHandler
                0x08000600                RTC_IRQHandler
                0x08000600                USART0_IRQHandler
                0x08000600                TIMER1_IRQHandler
                0x08000600                TIMER13_IRQHandler
                0x08000600                I2C1_EV_IRQHandler
                0x08000600                EXTI4_15_IRQHandler
                0x08000600                Default_Handler
                0x08000600                CEC_IRQHandler
                0x08000600                WWDGT_IRQHandler
                0x08000600                DMA_Channel5_6_IRQHandler
                0x08000600                TIMER0_BRK_UP_TRG_COM_IRQHandler
                0x08000600                EXTI0_1_IRQHandler
                0x08000600                DMA_Channel1_2_IRQHandler
                0x08000600                RCU_CTC_IRQHandler
                0x08000600                TIMER0_Channel_IRQHandler
                0x08000600                SPI0_IRQHandler
                0x08000600                DMA_Channel0_IRQHandler
                0x08000600                I2C1_ER_IRQHandler
                0x08000600                FMC_IRQHandler
 *fill*         0x08000602        0x2 
 .text.system_clock_72m_irc8m
                0x08000604       0x74 Source/CMakeFiles/GD32_FreeRTOS_templete_0.1.0.dir/Drivers/CMSIS/GD/GD32F3x0/Source/system_gd32f3x0.c.obj
 .text.system_clock_config
                0x08000678        0x8 Source/CMakeFiles/GD32_FreeRTOS_templete_0.1.0.dir/Drivers/CMSIS/GD/GD32F3x0/Source/system_gd32f3x0.c.obj
 .text.SystemInit
                0x08000680      0x1bc Source/CMakeFiles/GD32_FreeRTOS_templete_0.1.0.dir/Drivers/CMSIS/GD/GD32F3x0/Source/system_gd32f3x0.c.obj
                0x08000680                SystemInit
 .text.assert_failed
                0x0800083c       0x14 Source/CMakeFiles/GD32_FreeRTOS_templete_0.1.0.dir/BSP/src/bsp_log.c.obj
                0x0800083c                assert_failed
 .text.usart1_gpio_config
                0x08000850       0x5c Source/CMakeFiles/GD32_FreeRTOS_templete_0.1.0.dir/BSP/src/bsp_uart.c.obj
 .text.usart1_uart_config
                0x080008ac       0x60 Source/CMakeFiles/GD32_FreeRTOS_templete_0.1.0.dir/BSP/src/bsp_uart.c.obj
 .text.usart1_dma_config
                0x0800090c       0x98 Source/CMakeFiles/GD32_FreeRTOS_templete_0.1.0.dir/BSP/src/bsp_uart.c.obj
 .text.BSP_Uart_Init
                0x080009a4       0x28 Source/CMakeFiles/GD32_FreeRTOS_templete_0.1.0.dir/BSP/src/bsp_uart.c.obj
                0x080009a4                BSP_Uart_Init
 .text.UART_Transmit_DMA
                0x080009cc       0x4c Source/CMakeFiles/GD32_FreeRTOS_templete_0.1.0.dir/BSP/src/bsp_uart.c.obj
                0x080009cc                UART_Transmit_DMA
 .text.USART1_IRQHandler
                0x08000a18       0x64 Source/CMakeFiles/GD32_FreeRTOS_templete_0.1.0.dir/BSP/src/bsp_uart.c.obj
                0x08000a18                USART1_IRQHandler
 .text.prvResetNextTaskUnblockTime
                0x08000a7c       0x28 Source/Middlewares/FreeRTOS/Source/libfreertos_kernel.a(tasks.c.obj)
 .text.prvInitialiseNewTask
                0x08000aa4       0xb0 Source/Middlewares/FreeRTOS/Source/libfreertos_kernel.a(tasks.c.obj)
 .text.prvInitialiseTaskLists
                0x08000b54       0x68 Source/Middlewares/FreeRTOS/Source/libfreertos_kernel.a(tasks.c.obj)
 .text.prvAddNewTaskToReadyList
                0x08000bbc       0xc4 Source/Middlewares/FreeRTOS/Source/libfreertos_kernel.a(tasks.c.obj)
 .text.prvDeleteTCB
                0x08000c80       0x48 Source/Middlewares/FreeRTOS/Source/libfreertos_kernel.a(tasks.c.obj)
 .text.prvCheckTasksWaitingTermination
                0x08000cc8       0x4c Source/Middlewares/FreeRTOS/Source/libfreertos_kernel.a(tasks.c.obj)
 .text.prvIdleTask
                0x08000d14       0x28 Source/Middlewares/FreeRTOS/Source/libfreertos_kernel.a(tasks.c.obj)
 .text.prvAddCurrentTaskToDelayedList
                0x08000d3c       0xb0 Source/Middlewares/FreeRTOS/Source/libfreertos_kernel.a(tasks.c.obj)
 .text.xTaskCreateStatic
                0x08000dec       0xc4 Source/Middlewares/FreeRTOS/Source/libfreertos_kernel.a(tasks.c.obj)
                0x08000dec                xTaskCreateStatic
 .text.xTaskCreate
                0x08000eb0       0x68 Source/Middlewares/FreeRTOS/Source/libfreertos_kernel.a(tasks.c.obj)
                0x08000eb0                xTaskCreate
 .text.vTaskStartScheduler
                0x08000f18       0xb4 Source/Middlewares/FreeRTOS/Source/libfreertos_kernel.a(tasks.c.obj)
                0x08000f18                vTaskStartScheduler
 .text.vTaskSuspendAll
                0x08000fcc       0x10 Source/Middlewares/FreeRTOS/Source/libfreertos_kernel.a(tasks.c.obj)
                0x08000fcc                vTaskSuspendAll
 .text.xTaskGetTickCount
                0x08000fdc        0xc Source/Middlewares/FreeRTOS/Source/libfreertos_kernel.a(tasks.c.obj)
                0x08000fdc                xTaskGetTickCount
 .text.pcTaskGetName
                0x08000fe8       0x38 Source/Middlewares/FreeRTOS/Source/libfreertos_kernel.a(tasks.c.obj)
                0x08000fe8                pcTaskGetName
 .text.xTaskIncrementTick
                0x08001020      0x170 Source/Middlewares/FreeRTOS/Source/libfreertos_kernel.a(tasks.c.obj)
                0x08001020                xTaskIncrementTick
 .text.xTaskResumeAll
                0x08001190      0x15c Source/Middlewares/FreeRTOS/Source/libfreertos_kernel.a(tasks.c.obj)
                0x08001190                xTaskResumeAll
 .text.xTaskDelayUntil
                0x080012ec       0xd0 Source/Middlewares/FreeRTOS/Source/libfreertos_kernel.a(tasks.c.obj)
                0x080012ec                xTaskDelayUntil
 .text.vTaskSwitchContext
                0x080013bc      0x10c Source/Middlewares/FreeRTOS/Source/libfreertos_kernel.a(tasks.c.obj)
                0x080013bc                vTaskSwitchContext
 .text.vTaskPlaceOnEventList
                0x080014c8       0x44 Source/Middlewares/FreeRTOS/Source/libfreertos_kernel.a(tasks.c.obj)
                0x080014c8                vTaskPlaceOnEventList
 .text.vTaskPlaceOnEventListRestricted
                0x0800150c       0x64 Source/Middlewares/FreeRTOS/Source/libfreertos_kernel.a(tasks.c.obj)
                0x0800150c                vTaskPlaceOnEventListRestricted
 .text.xTaskRemoveFromEventList
                0x08001570       0xfc Source/Middlewares/FreeRTOS/Source/libfreertos_kernel.a(tasks.c.obj)
                0x08001570                xTaskRemoveFromEventList
 .text.vTaskInternalSetTimeOutState
                0x0800166c       0x18 Source/Middlewares/FreeRTOS/Source/libfreertos_kernel.a(tasks.c.obj)
                0x0800166c                vTaskInternalSetTimeOutState
 .text.xTaskCheckForTimeOut
                0x08001684       0xa0 Source/Middlewares/FreeRTOS/Source/libfreertos_kernel.a(tasks.c.obj)
                0x08001684                xTaskCheckForTimeOut
 .text.vTaskMissedYield
                0x08001724        0xc Source/Middlewares/FreeRTOS/Source/libfreertos_kernel.a(tasks.c.obj)
                0x08001724                vTaskMissedYield
 .text.xTaskGetCurrentTaskHandle
                0x08001730        0xc Source/Middlewares/FreeRTOS/Source/libfreertos_kernel.a(tasks.c.obj)
                0x08001730                xTaskGetCurrentTaskHandle
 .text.xTaskGetSchedulerState
                0x0800173c       0x20 Source/Middlewares/FreeRTOS/Source/libfreertos_kernel.a(tasks.c.obj)
                0x0800173c                xTaskGetSchedulerState
 .text.prvGetNextExpireTime
                0x0800175c       0x20 Source/Middlewares/FreeRTOS/Source/libfreertos_kernel.a(timers.c.obj)
 .text.prvInsertTimerInActiveList
                0x0800177c       0x48 Source/Middlewares/FreeRTOS/Source/libfreertos_kernel.a(timers.c.obj)
 .text.prvReloadTimer
                0x080017c4       0x28 Source/Middlewares/FreeRTOS/Source/libfreertos_kernel.a(timers.c.obj)
 .text.prvProcessExpiredTimer
                0x080017ec       0x40 Source/Middlewares/FreeRTOS/Source/libfreertos_kernel.a(timers.c.obj)
 .text.prvSwitchTimerLists
                0x0800182c       0x30 Source/Middlewares/FreeRTOS/Source/libfreertos_kernel.a(timers.c.obj)
 .text.prvSampleTimeNow
                0x0800185c       0x2c Source/Middlewares/FreeRTOS/Source/libfreertos_kernel.a(timers.c.obj)
 .text.prvProcessTimerOrBlockTask
                0x08001888       0x74 Source/Middlewares/FreeRTOS/Source/libfreertos_kernel.a(timers.c.obj)
 .text.prvProcessReceivedCommands
                0x080018fc      0x100 Source/Middlewares/FreeRTOS/Source/libfreertos_kernel.a(timers.c.obj)
 .text.prvTimerTask
                0x080019fc       0x16 Source/Middlewares/FreeRTOS/Source/libfreertos_kernel.a(timers.c.obj)
 *fill*         0x08001a12        0x2 
 .text.prvCheckForValidListAndQueue
                0x08001a14       0x60 Source/Middlewares/FreeRTOS/Source/libfreertos_kernel.a(timers.c.obj)
 .text.xTimerCreateTimerTask
                0x08001a74       0x74 Source/Middlewares/FreeRTOS/Source/libfreertos_kernel.a(timers.c.obj)
                0x08001a74                xTimerCreateTimerTask
 .text.prvHeapInit
                0x08001ae8       0x58 Source/Middlewares/FreeRTOS/Source/libfreertos_kernel.a(heap_4.c.obj)
 .text.prvInsertBlockIntoFreeList
                0x08001b40       0x64 Source/Middlewares/FreeRTOS/Source/libfreertos_kernel.a(heap_4.c.obj)
 .text.pvPortMalloc
                0x08001ba4      0x124 Source/Middlewares/FreeRTOS/Source/libfreertos_kernel.a(heap_4.c.obj)
                0x08001ba4                pvPortMalloc
 .text.vPortFree
                0x08001cc8       0xa8 Source/Middlewares/FreeRTOS/Source/libfreertos_kernel.a(heap_4.c.obj)
                0x08001cc8                vPortFree
 .text.vListInitialise
                0x08001d70       0x16 Source/Middlewares/FreeRTOS/Source/libfreertos_kernel.a(list.c.obj)
                0x08001d70                vListInitialise
 .text.vListInitialiseItem
                0x08001d86        0x6 Source/Middlewares/FreeRTOS/Source/libfreertos_kernel.a(list.c.obj)
                0x08001d86                vListInitialiseItem
 .text.vListInsert
                0x08001d8c       0x32 Source/Middlewares/FreeRTOS/Source/libfreertos_kernel.a(list.c.obj)
                0x08001d8c                vListInsert
 .text.uxListRemove
                0x08001dbe       0x26 Source/Middlewares/FreeRTOS/Source/libfreertos_kernel.a(list.c.obj)
                0x08001dbe                uxListRemove
 .text.prvIsQueueEmpty
                0x08001de4       0x1a Source/Middlewares/FreeRTOS/Source/libfreertos_kernel.a(queue.c.obj)
 .text.prvCopyDataFromQueue
                0x08001dfe       0x24 Source/Middlewares/FreeRTOS/Source/libfreertos_kernel.a(queue.c.obj)
 .text.prvUnlockQueue
                0x08001e22       0x6e Source/Middlewares/FreeRTOS/Source/libfreertos_kernel.a(queue.c.obj)
 .text.xQueueGenericReset
                0x08001e90       0xc8 Source/Middlewares/FreeRTOS/Source/libfreertos_kernel.a(queue.c.obj)
                0x08001e90                xQueueGenericReset
 .text.prvInitialiseNewQueue
                0x08001f58       0x1c Source/Middlewares/FreeRTOS/Source/libfreertos_kernel.a(queue.c.obj)
 .text.xQueueGenericCreateStatic
                0x08001f74       0x9c Source/Middlewares/FreeRTOS/Source/libfreertos_kernel.a(queue.c.obj)
                0x08001f74                xQueueGenericCreateStatic
 .text.xQueueReceive
                0x08002010      0x17c Source/Middlewares/FreeRTOS/Source/libfreertos_kernel.a(queue.c.obj)
                0x08002010                xQueueReceive
 .text.vQueueWaitForMessageRestricted
                0x0800218c       0x52 Source/Middlewares/FreeRTOS/Source/libfreertos_kernel.a(queue.c.obj)
                0x0800218c                vQueueWaitForMessageRestricted
 .text._StoreChar
                0x080021de       0x40 Source/Drivers/RTT/libSEGGER_RTT.a(SEGGER_RTT_printf.c.obj)
 *fill*         0x0800221e        0x2 
 .text._PrintUnsigned
                0x08002220       0xe0 Source/Drivers/RTT/libSEGGER_RTT.a(SEGGER_RTT_printf.c.obj)
 .text._PrintInt
                0x08002300       0xea Source/Drivers/RTT/libSEGGER_RTT.a(SEGGER_RTT_printf.c.obj)
 *fill*         0x080023ea        0x2 
 .text.SEGGER_RTT_vprintf
                0x080023ec      0x1fc Source/Drivers/RTT/libSEGGER_RTT.a(SEGGER_RTT_printf.c.obj)
                0x080023ec                SEGGER_RTT_vprintf
 .text.SEGGER_RTT_printf
                0x080025e8       0x1e Source/Drivers/RTT/libSEGGER_RTT.a(SEGGER_RTT_printf.c.obj)
                0x080025e8                SEGGER_RTT_printf
 .text._GetAvailWriteSpace
                0x08002606       0x18 Source/Drivers/RTT/libSEGGER_RTT.a(SEGGER_RTT.c.obj)
 .text._WriteNoCheck
                0x0800261e       0x4c Source/Drivers/RTT/libSEGGER_RTT.a(SEGGER_RTT.c.obj)
 .text._WriteBlocking
                0x0800266a       0x62 Source/Drivers/RTT/libSEGGER_RTT.a(SEGGER_RTT.c.obj)
 .text._DoInit  0x080026cc       0x6c Source/Drivers/RTT/libSEGGER_RTT.a(SEGGER_RTT.c.obj)
 .text.SEGGER_RTT_WriteNoLock
                0x08002738       0x6c Source/Drivers/RTT/libSEGGER_RTT.a(SEGGER_RTT.c.obj)
                0x08002738                SEGGER_RTT_WriteNoLock
 .text.SEGGER_RTT_Write
                0x080027a4       0x38 Source/Drivers/RTT/libSEGGER_RTT.a(SEGGER_RTT.c.obj)
                0x080027a4                SEGGER_RTT_Write
 .text.SEGGER_RTT_WriteString
                0x080027dc       0x18 Source/Drivers/RTT/libSEGGER_RTT.a(SEGGER_RTT.c.obj)
                0x080027dc                SEGGER_RTT_WriteString
 .text.SEGGER_RTT_Init
                0x080027f4        0x8 Source/Drivers/RTT/libSEGGER_RTT.a(SEGGER_RTT.c.obj)
                0x080027f4                SEGGER_RTT_Init
 .text.dma_deinit
                0x080027fc       0x38 Source/Drivers/GD32F3x0_standard_peripheral/libGD32F3x0_standard_peripheral.a(gd32f3x0_dma.c.obj)
                0x080027fc                dma_deinit
 .text.dma_struct_para_init
                0x08002834       0x14 Source/Drivers/GD32F3x0_standard_peripheral/libGD32F3x0_standard_peripheral.a(gd32f3x0_dma.c.obj)
                0x08002834                dma_struct_para_init
 .text.dma_circulation_disable
                0x08002848       0x14 Source/Drivers/GD32F3x0_standard_peripheral/libGD32F3x0_standard_peripheral.a(gd32f3x0_dma.c.obj)
                0x08002848                dma_circulation_disable
 .text.dma_memory_to_memory_disable
                0x0800285c       0x14 Source/Drivers/GD32F3x0_standard_peripheral/libGD32F3x0_standard_peripheral.a(gd32f3x0_dma.c.obj)
                0x0800285c                dma_memory_to_memory_disable
 .text.dma_channel_enable
                0x08002870       0x14 Source/Drivers/GD32F3x0_standard_peripheral/libGD32F3x0_standard_peripheral.a(gd32f3x0_dma.c.obj)
                0x08002870                dma_channel_enable
 .text.dma_channel_disable
                0x08002884       0x14 Source/Drivers/GD32F3x0_standard_peripheral/libGD32F3x0_standard_peripheral.a(gd32f3x0_dma.c.obj)
                0x08002884                dma_channel_disable
 .text.dma_init
                0x08002898       0x74 Source/Drivers/GD32F3x0_standard_peripheral/libGD32F3x0_standard_peripheral.a(gd32f3x0_dma.c.obj)
                0x08002898                dma_init
 .text.dma_memory_address_config
                0x0800290c       0x10 Source/Drivers/GD32F3x0_standard_peripheral/libGD32F3x0_standard_peripheral.a(gd32f3x0_dma.c.obj)
                0x0800290c                dma_memory_address_config
 .text.dma_transfer_number_config
                0x0800291c       0x10 Source/Drivers/GD32F3x0_standard_peripheral/libGD32F3x0_standard_peripheral.a(gd32f3x0_dma.c.obj)
                0x0800291c                dma_transfer_number_config
 .text.dma_transfer_number_get
                0x0800292c       0x10 Source/Drivers/GD32F3x0_standard_peripheral/libGD32F3x0_standard_peripheral.a(gd32f3x0_dma.c.obj)
                0x0800292c                dma_transfer_number_get
 .text.dma_flag_get
                0x0800293c       0x18 Source/Drivers/GD32F3x0_standard_peripheral/libGD32F3x0_standard_peripheral.a(gd32f3x0_dma.c.obj)
                0x0800293c                dma_flag_get
 .text.dma_flag_clear
                0x08002954       0x14 Source/Drivers/GD32F3x0_standard_peripheral/libGD32F3x0_standard_peripheral.a(gd32f3x0_dma.c.obj)
                0x08002954                dma_flag_clear
 .text.gpio_mode_set
                0x08002968       0x44 Source/Drivers/GD32F3x0_standard_peripheral/libGD32F3x0_standard_peripheral.a(gd32f3x0_gpio.c.obj)
                0x08002968                gpio_mode_set
 .text.gpio_output_options_set
                0x080029ac       0x6e Source/Drivers/GD32F3x0_standard_peripheral/libGD32F3x0_standard_peripheral.a(gd32f3x0_gpio.c.obj)
                0x080029ac                gpio_output_options_set
 .text.gpio_af_set
                0x08002a1a       0x60 Source/Drivers/GD32F3x0_standard_peripheral/libGD32F3x0_standard_peripheral.a(gd32f3x0_gpio.c.obj)
                0x08002a1a                gpio_af_set
 *fill*         0x08002a7a        0x2 
 .text.nvic_irq_enable
                0x08002a7c       0x84 Source/Drivers/GD32F3x0_standard_peripheral/libGD32F3x0_standard_peripheral.a(gd32f3x0_misc.c.obj)
                0x08002a7c                nvic_irq_enable
 .text.nvic_vector_table_set
                0x08002b00       0x18 Source/Drivers/GD32F3x0_standard_peripheral/libGD32F3x0_standard_peripheral.a(gd32f3x0_misc.c.obj)
                0x08002b00                nvic_vector_table_set
 .text.rcu_periph_clock_enable
                0x08002b18       0x1a Source/Drivers/GD32F3x0_standard_peripheral/libGD32F3x0_standard_peripheral.a(gd32f3x0_rcu.c.obj)
                0x08002b18                rcu_periph_clock_enable
 .text.rcu_periph_clock_disable
                0x08002b32       0x1c Source/Drivers/GD32F3x0_standard_peripheral/libGD32F3x0_standard_peripheral.a(gd32f3x0_rcu.c.obj)
                0x08002b32                rcu_periph_clock_disable
 .text.rcu_periph_reset_enable
                0x08002b4e        0x4 Source/Drivers/GD32F3x0_standard_peripheral/libGD32F3x0_standard_peripheral.a(gd32f3x0_rcu.c.obj)
                0x08002b4e                rcu_periph_reset_enable
 .text.rcu_periph_reset_disable
                0x08002b52        0x4 Source/Drivers/GD32F3x0_standard_peripheral/libGD32F3x0_standard_peripheral.a(gd32f3x0_rcu.c.obj)
                0x08002b52                rcu_periph_reset_disable
 *fill*         0x08002b56        0x2 
 .text.rcu_clock_freq_get
                0x08002b58      0x194 Source/Drivers/GD32F3x0_standard_peripheral/libGD32F3x0_standard_peripheral.a(gd32f3x0_rcu.c.obj)
                0x08002b58                rcu_clock_freq_get
 .text.usart_deinit
                0x08002cec       0x38 Source/Drivers/GD32F3x0_standard_peripheral/libGD32F3x0_standard_peripheral.a(gd32f3x0_usart.c.obj)
                0x08002cec                usart_deinit
 .text.usart_baudrate_set
                0x08002d24       0x54 Source/Drivers/GD32F3x0_standard_peripheral/libGD32F3x0_standard_peripheral.a(gd32f3x0_usart.c.obj)
                0x08002d24                usart_baudrate_set
 .text.usart_parity_config
                0x08002d78       0x18 Source/Drivers/GD32F3x0_standard_peripheral/libGD32F3x0_standard_peripheral.a(gd32f3x0_usart.c.obj)
                0x08002d78                usart_parity_config
 .text.usart_word_length_set
                0x08002d90       0x18 Source/Drivers/GD32F3x0_standard_peripheral/libGD32F3x0_standard_peripheral.a(gd32f3x0_usart.c.obj)
                0x08002d90                usart_word_length_set
 .text.usart_stop_bit_set
                0x08002da8       0x18 Source/Drivers/GD32F3x0_standard_peripheral/libGD32F3x0_standard_peripheral.a(gd32f3x0_usart.c.obj)
                0x08002da8                usart_stop_bit_set
 .text.usart_enable
                0x08002dc0        0xa Source/Drivers/GD32F3x0_standard_peripheral/libGD32F3x0_standard_peripheral.a(gd32f3x0_usart.c.obj)
                0x08002dc0                usart_enable
 .text.usart_transmit_config
                0x08002dca       0x10 Source/Drivers/GD32F3x0_standard_peripheral/libGD32F3x0_standard_peripheral.a(gd32f3x0_usart.c.obj)
                0x08002dca                usart_transmit_config
 .text.usart_receive_config
                0x08002dda       0x10 Source/Drivers/GD32F3x0_standard_peripheral/libGD32F3x0_standard_peripheral.a(gd32f3x0_usart.c.obj)
                0x08002dda                usart_receive_config
 .text.usart_dma_receive_config
                0x08002dea       0x14 Source/Drivers/GD32F3x0_standard_peripheral/libGD32F3x0_standard_peripheral.a(gd32f3x0_usart.c.obj)
                0x08002dea                usart_dma_receive_config
 .text.usart_dma_transmit_config
                0x08002dfe       0x14 Source/Drivers/GD32F3x0_standard_peripheral/libGD32F3x0_standard_peripheral.a(gd32f3x0_usart.c.obj)
                0x08002dfe                usart_dma_transmit_config
 .text.usart_flag_get
                0x08002e12       0x10 Source/Drivers/GD32F3x0_standard_peripheral/libGD32F3x0_standard_peripheral.a(gd32f3x0_usart.c.obj)
                0x08002e12                usart_flag_get
 .text.usart_flag_clear
                0x08002e22       0x10 Source/Drivers/GD32F3x0_standard_peripheral/libGD32F3x0_standard_peripheral.a(gd32f3x0_usart.c.obj)
                0x08002e22                usart_flag_clear
 .text.usart_interrupt_flag_get
                0x08002e32       0x2a Source/Drivers/GD32F3x0_standard_peripheral/libGD32F3x0_standard_peripheral.a(gd32f3x0_usart.c.obj)
                0x08002e32                usart_interrupt_flag_get
 .text.usart_interrupt_flag_clear
                0x08002e5c       0x28 Source/Drivers/GD32F3x0_standard_peripheral/libGD32F3x0_standard_peripheral.a(gd32f3x0_usart.c.obj)
                0x08002e5c                usart_interrupt_flag_clear
 .text.prvPortStartFirstTask
                0x08002e84       0x28 Source/Middlewares/FreeRTOS/Source/portable/libfreertos_kernel_port.a(port.c.obj)
 .text.vPortEnableVFP
                0x08002eac       0x14 Source/Middlewares/FreeRTOS/Source/portable/libfreertos_kernel_port.a(port.c.obj)
 .text.prvTaskExitError
                0x08002ec0       0x50 Source/Middlewares/FreeRTOS/Source/portable/libfreertos_kernel_port.a(port.c.obj)
 .text.pxPortInitialiseStack
                0x08002f10       0x2c Source/Middlewares/FreeRTOS/Source/portable/libfreertos_kernel_port.a(port.c.obj)
                0x08002f10                pxPortInitialiseStack
 *fill*         0x08002f3c        0x4 
 .text.SVC_Handler
                0x08002f40       0x24 Source/Middlewares/FreeRTOS/Source/portable/libfreertos_kernel_port.a(port.c.obj)
                0x08002f40                SVC_Handler
 .text.vPortEnterCritical
                0x08002f64       0x54 Source/Middlewares/FreeRTOS/Source/portable/libfreertos_kernel_port.a(port.c.obj)
                0x08002f64                vPortEnterCritical
 .text.vPortExitCritical
                0x08002fb8       0x3c Source/Middlewares/FreeRTOS/Source/portable/libfreertos_kernel_port.a(port.c.obj)
                0x08002fb8                vPortExitCritical
 *fill*         0x08002ff4        0xc 
 .text.PendSV_Handler
                0x08003000       0x64 Source/Middlewares/FreeRTOS/Source/portable/libfreertos_kernel_port.a(port.c.obj)
                0x08003000                PendSV_Handler
 .text.SysTick_Handler
                0x08003064       0x2c Source/Middlewares/FreeRTOS/Source/portable/libfreertos_kernel_port.a(port.c.obj)
                0x08003064                SysTick_Handler
 .text.vPortSetupTimerInterrupt
                0x08003090       0x28 Source/Middlewares/FreeRTOS/Source/portable/libfreertos_kernel_port.a(port.c.obj)
                0x08003090                vPortSetupTimerInterrupt
 .text.xPortStartScheduler
                0x080030b8      0x13c Source/Middlewares/FreeRTOS/Source/portable/libfreertos_kernel_port.a(port.c.obj)
                0x080030b8                xPortStartScheduler
 .text.selfrel_offset31
                0x080031f4       0x14 D:/SDK/arm-gnu-toolchain-13.2.rel1/bin/../lib/gcc/arm-none-eabi/13.2.1/thumb/v7e-m+fp/hard\libgcc.a(unwind-arm.o)
 .text.search_EIT_table
                0x08003208       0x68 D:/SDK/arm-gnu-toolchain-13.2.rel1/bin/../lib/gcc/arm-none-eabi/13.2.1/thumb/v7e-m+fp/hard\libgcc.a(unwind-arm.o)
 .text.__gnu_unwind_get_pr_addr
                0x08003270       0x28 D:/SDK/arm-gnu-toolchain-13.2.rel1/bin/../lib/gcc/arm-none-eabi/13.2.1/thumb/v7e-m+fp/hard\libgcc.a(unwind-arm.o)
 .text.get_eit_entry
                0x08003298       0x98 D:/SDK/arm-gnu-toolchain-13.2.rel1/bin/../lib/gcc/arm-none-eabi/13.2.1/thumb/v7e-m+fp/hard\libgcc.a(unwind-arm.o)
 .text.restore_non_core_regs
                0x08003330       0x58 D:/SDK/arm-gnu-toolchain-13.2.rel1/bin/../lib/gcc/arm-none-eabi/13.2.1/thumb/v7e-m+fp/hard\libgcc.a(unwind-arm.o)
 .text._Unwind_decode_typeinfo_ptr.constprop.0
                0x08003388        0xc D:/SDK/arm-gnu-toolchain-13.2.rel1/bin/../lib/gcc/arm-none-eabi/13.2.1/thumb/v7e-m+fp/hard\libgcc.a(unwind-arm.o)
 .text._Unwind_DebugHook
                0x08003394        0x4 D:/SDK/arm-gnu-toolchain-13.2.rel1/bin/../lib/gcc/arm-none-eabi/13.2.1/thumb/v7e-m+fp/hard\libgcc.a(unwind-arm.o)
 .text.unwind_phase2
                0x08003398       0x3c D:/SDK/arm-gnu-toolchain-13.2.rel1/bin/../lib/gcc/arm-none-eabi/13.2.1/thumb/v7e-m+fp/hard\libgcc.a(unwind-arm.o)
 .text.unwind_phase2_forced
                0x080033d4       0xd8 D:/SDK/arm-gnu-toolchain-13.2.rel1/bin/../lib/gcc/arm-none-eabi/13.2.1/thumb/v7e-m+fp/hard\libgcc.a(unwind-arm.o)
 .text.__gnu_Unwind_RaiseException
                0x080034ac       0x68 D:/SDK/arm-gnu-toolchain-13.2.rel1/bin/../lib/gcc/arm-none-eabi/13.2.1/thumb/v7e-m+fp/hard\libgcc.a(unwind-arm.o)
                0x080034ac                __gnu_Unwind_RaiseException
 .text.__gnu_Unwind_ForcedUnwind
                0x08003514       0x10 D:/SDK/arm-gnu-toolchain-13.2.rel1/bin/../lib/gcc/arm-none-eabi/13.2.1/thumb/v7e-m+fp/hard\libgcc.a(unwind-arm.o)
                0x08003514                __gnu_Unwind_ForcedUnwind
 .text.__gnu_Unwind_Resume
                0x08003524       0x44 D:/SDK/arm-gnu-toolchain-13.2.rel1/bin/../lib/gcc/arm-none-eabi/13.2.1/thumb/v7e-m+fp/hard\libgcc.a(unwind-arm.o)
                0x08003524                __gnu_Unwind_Resume
 .text.__gnu_Unwind_Resume_or_Rethrow
                0x08003568       0x14 D:/SDK/arm-gnu-toolchain-13.2.rel1/bin/../lib/gcc/arm-none-eabi/13.2.1/thumb/v7e-m+fp/hard\libgcc.a(unwind-arm.o)
                0x08003568                __gnu_Unwind_Resume_or_Rethrow
 .text._Unwind_VRS_Get
                0x0800357c       0x34 D:/SDK/arm-gnu-toolchain-13.2.rel1/bin/../lib/gcc/arm-none-eabi/13.2.1/thumb/v7e-m+fp/hard\libgcc.a(unwind-arm.o)
                0x0800357c                _Unwind_VRS_Get
 .text._Unwind_GetGR
                0x080035b0       0x1c D:/SDK/arm-gnu-toolchain-13.2.rel1/bin/../lib/gcc/arm-none-eabi/13.2.1/thumb/v7e-m+fp/hard\libgcc.a(unwind-arm.o)
 .text._Unwind_VRS_Set
                0x080035cc       0x34 D:/SDK/arm-gnu-toolchain-13.2.rel1/bin/../lib/gcc/arm-none-eabi/13.2.1/thumb/v7e-m+fp/hard\libgcc.a(unwind-arm.o)
                0x080035cc                _Unwind_VRS_Set
 .text._Unwind_SetGR
                0x08003600       0x18 D:/SDK/arm-gnu-toolchain-13.2.rel1/bin/../lib/gcc/arm-none-eabi/13.2.1/thumb/v7e-m+fp/hard\libgcc.a(unwind-arm.o)
 .text.__gnu_Unwind_Backtrace
                0x08003618       0x84 D:/SDK/arm-gnu-toolchain-13.2.rel1/bin/../lib/gcc/arm-none-eabi/13.2.1/thumb/v7e-m+fp/hard\libgcc.a(unwind-arm.o)
                0x08003618                __gnu_Unwind_Backtrace
 .text.__gnu_unwind_pr_common
                0x0800369c      0x2a4 D:/SDK/arm-gnu-toolchain-13.2.rel1/bin/../lib/gcc/arm-none-eabi/13.2.1/thumb/v7e-m+fp/hard\libgcc.a(unwind-arm.o)
 .text.__aeabi_unwind_cpp_pr0
                0x08003940        0x8 D:/SDK/arm-gnu-toolchain-13.2.rel1/bin/../lib/gcc/arm-none-eabi/13.2.1/thumb/v7e-m+fp/hard\libgcc.a(unwind-arm.o)
                0x08003940                __aeabi_unwind_cpp_pr0
 .text.__aeabi_unwind_cpp_pr1
                0x08003948        0x8 D:/SDK/arm-gnu-toolchain-13.2.rel1/bin/../lib/gcc/arm-none-eabi/13.2.1/thumb/v7e-m+fp/hard\libgcc.a(unwind-arm.o)
                0x08003948                __aeabi_unwind_cpp_pr1
 .text.__aeabi_unwind_cpp_pr2
                0x08003950        0x8 D:/SDK/arm-gnu-toolchain-13.2.rel1/bin/../lib/gcc/arm-none-eabi/13.2.1/thumb/v7e-m+fp/hard\libgcc.a(unwind-arm.o)
                0x08003950                __aeabi_unwind_cpp_pr2
 .text._Unwind_VRS_Pop
                0x08003958      0x2f0 D:/SDK/arm-gnu-toolchain-13.2.rel1/bin/../lib/gcc/arm-none-eabi/13.2.1/thumb/v7e-m+fp/hard\libgcc.a(unwind-arm.o)
                0x08003958                _Unwind_VRS_Pop
 .text.next_unwind_byte
                0x08003c48       0x38 D:/SDK/arm-gnu-toolchain-13.2.rel1/bin/../lib/gcc/arm-none-eabi/13.2.1/thumb/v7e-m+fp/hard\libgcc.a(pr-support.o)
 .text.__gnu_unwind_execute
                0x08003c80      0x2fc D:/SDK/arm-gnu-toolchain-13.2.rel1/bin/../lib/gcc/arm-none-eabi/13.2.1/thumb/v7e-m+fp/hard\libgcc.a(pr-support.o)
                0x08003c80                __gnu_unwind_execute
 .text.abort    0x08003f7c        0xe D:/SDK/arm-gnu-toolchain-13.2.rel1/bin/../lib/gcc/arm-none-eabi/13.2.1/thumb/v7e-m+fp/hard\libg_nano.a(libc_a-abort.o)
                0x08003f7c                abort
 .text._raise_r
                0x08003f8a       0x50 D:/SDK/arm-gnu-toolchain-13.2.rel1/bin/../lib/gcc/arm-none-eabi/13.2.1/thumb/v7e-m+fp/hard\libg_nano.a(libc_a-signal.o)
                0x08003f8a                _raise_r
 *fill*         0x08003fda        0x2 
 .text.raise    0x08003fdc       0x10 D:/SDK/arm-gnu-toolchain-13.2.rel1/bin/../lib/gcc/arm-none-eabi/13.2.1/thumb/v7e-m+fp/hard\libg_nano.a(libc_a-signal.o)
                0x08003fdc                raise
 .text._kill_r  0x08003fec       0x24 D:/SDK/arm-gnu-toolchain-13.2.rel1/bin/../lib/gcc/arm-none-eabi/13.2.1/thumb/v7e-m+fp/hard\libg_nano.a(libc_a-signalr.o)
                0x08003fec                _kill_r
 .text._getpid_r
                0x08004010        0x4 D:/SDK/arm-gnu-toolchain-13.2.rel1/bin/../lib/gcc/arm-none-eabi/13.2.1/thumb/v7e-m+fp/hard\libg_nano.a(libc_a-signalr.o)
                0x08004010                _getpid_r
 .text.__errno  0x08004014        0xc D:/SDK/arm-gnu-toolchain-13.2.rel1/bin/../lib/gcc/arm-none-eabi/13.2.1/thumb/v7e-m+fp/hard\libg_nano.a(libc_a-errno.o)
                0x08004014                __errno
 .text.memcpy   0x08004020       0x1c D:/SDK/arm-gnu-toolchain-13.2.rel1/bin/../lib/gcc/arm-none-eabi/13.2.1/thumb/v7e-m+fp/hard\libg_nano.a(libc_a-memcpy-stub.o)
                0x08004020                memcpy
 *(.glue_7)
 .glue_7        0x0800403c        0x0 linker stubs
 *(.glue_7t)
 .glue_7t       0x0800403c        0x0 linker stubs
 *(.eh_frame)
 .eh_frame      0x0800403c        0x0 D:/SDK/arm-gnu-toolchain-13.2.rel1/bin/../lib/gcc/arm-none-eabi/13.2.1/thumb/v7e-m+fp/hard/crtbegin.o
 *(.init)
 .init          0x0800403c        0x4 D:/SDK/arm-gnu-toolchain-13.2.rel1/bin/../lib/gcc/arm-none-eabi/13.2.1/thumb/v7e-m+fp/hard/crti.o
                0x0800403c                _init
 .init          0x08004040        0x8 D:/SDK/arm-gnu-toolchain-13.2.rel1/bin/../lib/gcc/arm-none-eabi/13.2.1/thumb/v7e-m+fp/hard/crtn.o
 *(.fini)
 .fini          0x08004048        0x4 D:/SDK/arm-gnu-toolchain-13.2.rel1/bin/../lib/gcc/arm-none-eabi/13.2.1/thumb/v7e-m+fp/hard/crti.o
                0x08004048                _fini
 .fini          0x0800404c        0x8 D:/SDK/arm-gnu-toolchain-13.2.rel1/bin/../lib/gcc/arm-none-eabi/13.2.1/thumb/v7e-m+fp/hard/crtn.o
                0x08004054                        . = ALIGN (0x4)
                0x08004054                        _etext = .

.vfp11_veneer   0x08004054        0x0
 .vfp11_veneer  0x08004054        0x0 linker stubs

.v4_bx          0x08004054        0x0
 .v4_bx         0x08004054        0x0 linker stubs

.iplt           0x08004054        0x0
 .iplt          0x08004054        0x0 D:/SDK/arm-gnu-toolchain-13.2.rel1/bin/../lib/gcc/arm-none-eabi/13.2.1/thumb/v7e-m+fp/hard/crtbegin.o

.rodata         0x08004054      0x2f0
                0x08004054                        . = ALIGN (0x4)
 *(.rodata)
 .rodata        0x08004054       0x18 Source/Drivers/GD32F3x0_standard_peripheral/libGD32F3x0_standard_peripheral.a(gd32f3x0_rcu.c.obj)
 *(.rodata*)
 .rodata.vApplicationStackOverflowHook.str1.4
                0x0800406c      0x26e Source/CMakeFiles/GD32_FreeRTOS_templete_0.1.0.dir/Core/freertos.c.obj
                                 0x22 (size before relaxing)
 .rodata.vApplicationMallocFailedHook.str1.4
                0x080042da       0x1c Source/CMakeFiles/GD32_FreeRTOS_templete_0.1.0.dir/Core/freertos.c.obj
 *fill*         0x080042da        0x2 
 .rodata.__func__.0
                0x080042dc       0x1d Source/CMakeFiles/GD32_FreeRTOS_templete_0.1.0.dir/Core/freertos.c.obj
 *fill*         0x080042f9        0x3 
 .rodata.__func__.1
                0x080042fc       0x1e Source/CMakeFiles/GD32_FreeRTOS_templete_0.1.0.dir/Core/freertos.c.obj
 .rodata.vTask1.str1.4
                0x0800431a       0x18 Source/CMakeFiles/GD32_FreeRTOS_templete_0.1.0.dir/Core/main.c.obj
 .rodata.vTask2.str1.4
                0x0800431a        0xb Source/CMakeFiles/GD32_FreeRTOS_templete_0.1.0.dir/Core/main.c.obj
 .rodata.main.str1.4
                0x0800431a       0x1f Source/CMakeFiles/GD32_FreeRTOS_templete_0.1.0.dir/Core/main.c.obj
 .rodata.assert_failed.str1.4
                0x0800431a       0x26 Source/CMakeFiles/GD32_FreeRTOS_templete_0.1.0.dir/BSP/src/bsp_log.c.obj
 .rodata.prvTaskIsTaskSuspended.str1.4
                0x0800431a       0x49 Source/Middlewares/FreeRTOS/Source/libfreertos_kernel.a(tasks.c.obj)
 .rodata.vTaskStartScheduler.str1.4
                0x0800431a        0x5 Source/Middlewares/FreeRTOS/Source/libfreertos_kernel.a(tasks.c.obj)
 *fill*         0x0800431a        0x2 
 .rodata.uxTopUsedPriority
                0x0800431c        0x4 Source/Middlewares/FreeRTOS/Source/libfreertos_kernel.a(tasks.c.obj)
                0x0800431c                uxTopUsedPriority
 .rodata.prvProcessReceivedCommands.str1.4
                0x08004320       0x4a Source/Middlewares/FreeRTOS/Source/libfreertos_kernel.a(timers.c.obj)
 .rodata.xTimerCreateTimerTask.str1.4
                0x08004320        0x8 Source/Middlewares/FreeRTOS/Source/libfreertos_kernel.a(timers.c.obj)
 .rodata.pvPortMalloc.str1.4
                0x08004320       0x5b Source/Middlewares/FreeRTOS/Source/libfreertos_kernel.a(heap_4.c.obj)
 .rodata.xQueueGenericReset.str1.4
                0x08004320       0x49 Source/Middlewares/FreeRTOS/Source/libfreertos_kernel.a(queue.c.obj)
 .rodata.SEGGER_RTT_vprintf.str1.4
                0x08004320        0x7 Source/Drivers/RTT/libSEGGER_RTT.a(SEGGER_RTT_printf.c.obj)
 .rodata._aV2C.0
                0x08004320       0x10 Source/Drivers/RTT/libSEGGER_RTT.a(SEGGER_RTT_printf.c.obj)
 .rodata._DoInit.str1.4
                0x08004330        0x9 Source/Drivers/RTT/libSEGGER_RTT.a(SEGGER_RTT.c.obj)
 .rodata._aInitStr.0
                0x08004330       0x11 Source/Drivers/RTT/libSEGGER_RTT.a(SEGGER_RTT.c.obj)
 .rodata.prvTaskExitError.str1.4
                0x08004341       0x5e Source/Middlewares/FreeRTOS/Source/portable/libfreertos_kernel_port.a(port.c.obj)
                0x080043a0                        . = ALIGN (0x4)
 *fill*         0x08004341        0x3 

.ARM.extab      0x08004344       0xcc
 *(.ARM.extab* .gnu.linkonce.armextab.*)
 .ARM.extab.text.vApplicationStackOverflowHook
                0x08004344        0xc Source/CMakeFiles/GD32_FreeRTOS_templete_0.1.0.dir/Core/freertos.c.obj
 .ARM.extab.text.vApplicationMallocFailedHook
                0x08004350        0xc Source/CMakeFiles/GD32_FreeRTOS_templete_0.1.0.dir/Core/freertos.c.obj
 .ARM.extab.text._kill
                0x0800435c        0xc Source/CMakeFiles/GD32_FreeRTOS_templete_0.1.0.dir/Retarget/src/syscalls.c.obj
 .ARM.extab.text._exit
                0x08004368        0xc Source/CMakeFiles/GD32_FreeRTOS_templete_0.1.0.dir/Retarget/src/syscalls.c.obj
 .ARM.extab.text.system_clock_config
                0x08004374        0xc Source/CMakeFiles/GD32_FreeRTOS_templete_0.1.0.dir/Drivers/CMSIS/GD/GD32F3x0/Source/system_gd32f3x0.c.obj
 .ARM.extab.text.assert_failed
                0x08004380        0xc Source/CMakeFiles/GD32_FreeRTOS_templete_0.1.0.dir/BSP/src/bsp_log.c.obj
 .ARM.extab.text.usart1_gpio_config
                0x0800438c        0xc Source/CMakeFiles/GD32_FreeRTOS_templete_0.1.0.dir/BSP/src/bsp_uart.c.obj
 .ARM.extab.text.BSP_Uart_Init
                0x08004398        0xc Source/CMakeFiles/GD32_FreeRTOS_templete_0.1.0.dir/BSP/src/bsp_uart.c.obj
 .ARM.extab.text.prvIdleTask
                0x080043a4        0xc Source/Middlewares/FreeRTOS/Source/libfreertos_kernel.a(tasks.c.obj)
 .ARM.extab.text.prvInsertTimerInActiveList
                0x080043b0        0xc Source/Middlewares/FreeRTOS/Source/libfreertos_kernel.a(timers.c.obj)
 .ARM.extab.text.prvSwitchTimerLists
                0x080043bc        0xc Source/Middlewares/FreeRTOS/Source/libfreertos_kernel.a(timers.c.obj)
 .ARM.extab.text.SEGGER_RTT_printf
                0x080043c8        0xc Source/Drivers/RTT/libSEGGER_RTT.a(SEGGER_RTT_printf.c.obj)
 .ARM.extab.text.SEGGER_RTT_Init
                0x080043d4        0xc Source/Drivers/RTT/libSEGGER_RTT.a(SEGGER_RTT.c.obj)
 .ARM.extab.text.usart_deinit
                0x080043e0        0xc Source/Drivers/GD32F3x0_standard_peripheral/libGD32F3x0_standard_peripheral.a(gd32f3x0_usart.c.obj)
 .ARM.extab.text.vPortEnterCritical
                0x080043ec        0xc Source/Middlewares/FreeRTOS/Source/portable/libfreertos_kernel_port.a(port.c.obj)
 .ARM.extab.text.vPortExitCritical
                0x080043f8        0xc Source/Middlewares/FreeRTOS/Source/portable/libfreertos_kernel_port.a(port.c.obj)
 .ARM.extab.text.SysTick_Handler
                0x08004404        0xc Source/Middlewares/FreeRTOS/Source/portable/libfreertos_kernel_port.a(port.c.obj)

.ARM            0x08004410      0x380
                0x08004410                        __exidx_start = .
 *(.ARM.exidx*)
 .ARM.exidx     0x08004410        0x8 D:/SDK/arm-gnu-toolchain-13.2.rel1/bin/../lib/gcc/arm-none-eabi/13.2.1/thumb/v7e-m+fp/hard\libg_nano.a(libc_a-strlen.o)
 .ARM.exidx.text.delay
                0x08004418        0x8 Source/CMakeFiles/GD32_FreeRTOS_templete_0.1.0.dir/Core/freertos.c.obj
 .ARM.exidx.text.vApplicationGetIdleTaskMemory
                0x08004420        0x0 Source/CMakeFiles/GD32_FreeRTOS_templete_0.1.0.dir/Core/freertos.c.obj
                                  0x8 (size before relaxing)
 .ARM.exidx.text.vApplicationGetTimerTaskMemory
                0x08004420        0x0 Source/CMakeFiles/GD32_FreeRTOS_templete_0.1.0.dir/Core/freertos.c.obj
                                  0x8 (size before relaxing)
 .ARM.exidx.text.configureTimerForRunTimeStats
                0x08004420        0x0 Source/CMakeFiles/GD32_FreeRTOS_templete_0.1.0.dir/Core/freertos.c.obj
                                  0x8 (size before relaxing)
 .ARM.exidx.text.getRunTimeCounterValue
                0x08004420        0x0 Source/CMakeFiles/GD32_FreeRTOS_templete_0.1.0.dir/Core/freertos.c.obj
                                  0x8 (size before relaxing)
 .ARM.exidx.text.vApplicationStackOverflowHook
                0x08004420        0x8 Source/CMakeFiles/GD32_FreeRTOS_templete_0.1.0.dir/Core/freertos.c.obj
 .ARM.exidx.text.vApplicationMallocFailedHook
                0x08004428        0x8 Source/CMakeFiles/GD32_FreeRTOS_templete_0.1.0.dir/Core/freertos.c.obj
 .ARM.exidx.text.NMI_Handler
                0x08004430        0x8 Source/CMakeFiles/GD32_FreeRTOS_templete_0.1.0.dir/Core/gd32f3x0_it.c.obj
 .ARM.exidx.text.HardFault_Handler
                0x08004438        0x0 Source/CMakeFiles/GD32_FreeRTOS_templete_0.1.0.dir/Core/gd32f3x0_it.c.obj
                                  0x8 (size before relaxing)
 .ARM.exidx.text.MemManage_Handler
                0x08004438        0x0 Source/CMakeFiles/GD32_FreeRTOS_templete_0.1.0.dir/Core/gd32f3x0_it.c.obj
                                  0x8 (size before relaxing)
 .ARM.exidx.text.BusFault_Handler
                0x08004438        0x0 Source/CMakeFiles/GD32_FreeRTOS_templete_0.1.0.dir/Core/gd32f3x0_it.c.obj
                                  0x8 (size before relaxing)
 .ARM.exidx.text.UsageFault_Handler
                0x08004438        0x0 Source/CMakeFiles/GD32_FreeRTOS_templete_0.1.0.dir/Core/gd32f3x0_it.c.obj
                                  0x8 (size before relaxing)
 .ARM.exidx.text.DebugMon_Handler
                0x08004438        0x0 Source/CMakeFiles/GD32_FreeRTOS_templete_0.1.0.dir/Core/gd32f3x0_it.c.obj
                                  0x8 (size before relaxing)
 .ARM.exidx.text.vTask1
                0x08004438        0x8 Source/CMakeFiles/GD32_FreeRTOS_templete_0.1.0.dir/Core/main.c.obj
 .ARM.exidx.text.vTask2
                0x08004440        0x8 Source/CMakeFiles/GD32_FreeRTOS_templete_0.1.0.dir/Core/main.c.obj
 .ARM.exidx.text.main
                0x08004448        0x8 Source/CMakeFiles/GD32_FreeRTOS_templete_0.1.0.dir/Core/main.c.obj
 .ARM.exidx.text._getpid
                0x08004450        0x8 Source/CMakeFiles/GD32_FreeRTOS_templete_0.1.0.dir/Retarget/src/syscalls.c.obj
 .ARM.exidx.text._kill
                0x08004458        0x8 Source/CMakeFiles/GD32_FreeRTOS_templete_0.1.0.dir/Retarget/src/syscalls.c.obj
 .ARM.exidx.text._exit
                0x08004460       0x10 Source/CMakeFiles/GD32_FreeRTOS_templete_0.1.0.dir/Retarget/src/syscalls.c.obj
                                  0x8 (size before relaxing)
 .ARM.exidx.text.system_clock_72m_irc8m
                0x08004470        0x8 Source/CMakeFiles/GD32_FreeRTOS_templete_0.1.0.dir/Drivers/CMSIS/GD/GD32F3x0/Source/system_gd32f3x0.c.obj
 .ARM.exidx.text.system_clock_config
                0x08004478        0x8 Source/CMakeFiles/GD32_FreeRTOS_templete_0.1.0.dir/Drivers/CMSIS/GD/GD32F3x0/Source/system_gd32f3x0.c.obj
 .ARM.exidx.text.SystemInit
                0x08004480        0x8 Source/CMakeFiles/GD32_FreeRTOS_templete_0.1.0.dir/Drivers/CMSIS/GD/GD32F3x0/Source/system_gd32f3x0.c.obj
 .ARM.exidx.text.assert_failed
                0x08004488        0x8 Source/CMakeFiles/GD32_FreeRTOS_templete_0.1.0.dir/BSP/src/bsp_log.c.obj
 .ARM.exidx.text.usart1_gpio_config
                0x08004490        0x8 Source/CMakeFiles/GD32_FreeRTOS_templete_0.1.0.dir/BSP/src/bsp_uart.c.obj
 .ARM.exidx.text.usart1_uart_config
                0x08004498        0x8 Source/CMakeFiles/GD32_FreeRTOS_templete_0.1.0.dir/BSP/src/bsp_uart.c.obj
 .ARM.exidx.text.usart1_dma_config
                0x080044a0        0x8 Source/CMakeFiles/GD32_FreeRTOS_templete_0.1.0.dir/BSP/src/bsp_uart.c.obj
 .ARM.exidx.text.BSP_Uart_Init
                0x080044a8        0x8 Source/CMakeFiles/GD32_FreeRTOS_templete_0.1.0.dir/BSP/src/bsp_uart.c.obj
 .ARM.exidx.text.UART_Transmit_DMA
                0x080044b0        0x8 Source/CMakeFiles/GD32_FreeRTOS_templete_0.1.0.dir/BSP/src/bsp_uart.c.obj
 .ARM.exidx.text.USART1_IRQHandler
                0x080044b8        0x8 Source/CMakeFiles/GD32_FreeRTOS_templete_0.1.0.dir/BSP/src/bsp_uart.c.obj
 .ARM.exidx.text.prvResetNextTaskUnblockTime
                0x080044c0        0x8 Source/Middlewares/FreeRTOS/Source/libfreertos_kernel.a(tasks.c.obj)
 .ARM.exidx.text.prvInitialiseNewTask
                0x080044c8        0x8 Source/Middlewares/FreeRTOS/Source/libfreertos_kernel.a(tasks.c.obj)
 .ARM.exidx.text.prvInitialiseTaskLists
                0x080044d0        0x8 Source/Middlewares/FreeRTOS/Source/libfreertos_kernel.a(tasks.c.obj)
 .ARM.exidx.text.prvAddNewTaskToReadyList
                0x080044d8        0x8 Source/Middlewares/FreeRTOS/Source/libfreertos_kernel.a(tasks.c.obj)
 .ARM.exidx.text.prvDeleteTCB
                0x080044e0        0x0 Source/Middlewares/FreeRTOS/Source/libfreertos_kernel.a(tasks.c.obj)
                                  0x8 (size before relaxing)
 .ARM.exidx.text.prvCheckTasksWaitingTermination
                0x080044e0        0x0 Source/Middlewares/FreeRTOS/Source/libfreertos_kernel.a(tasks.c.obj)
                                  0x8 (size before relaxing)
 .ARM.exidx.text.prvIdleTask
                0x080044e0        0x8 Source/Middlewares/FreeRTOS/Source/libfreertos_kernel.a(tasks.c.obj)
 .ARM.exidx.text.prvAddCurrentTaskToDelayedList
                0x080044e8        0x8 Source/Middlewares/FreeRTOS/Source/libfreertos_kernel.a(tasks.c.obj)
 .ARM.exidx.text.xTaskCreateStatic
                0x080044f0        0x8 Source/Middlewares/FreeRTOS/Source/libfreertos_kernel.a(tasks.c.obj)
 .ARM.exidx.text.xTaskCreate
                0x080044f8        0x8 Source/Middlewares/FreeRTOS/Source/libfreertos_kernel.a(tasks.c.obj)
 .ARM.exidx.text.vTaskStartScheduler
                0x08004500        0x8 Source/Middlewares/FreeRTOS/Source/libfreertos_kernel.a(tasks.c.obj)
 .ARM.exidx.text.vTaskSuspendAll
                0x08004508        0x8 Source/Middlewares/FreeRTOS/Source/libfreertos_kernel.a(tasks.c.obj)
 .ARM.exidx.text.xTaskGetTickCount
                0x08004510        0x0 Source/Middlewares/FreeRTOS/Source/libfreertos_kernel.a(tasks.c.obj)
                                  0x8 (size before relaxing)
 .ARM.exidx.text.pcTaskGetName
                0x08004510        0x8 Source/Middlewares/FreeRTOS/Source/libfreertos_kernel.a(tasks.c.obj)
 .ARM.exidx.text.xTaskIncrementTick
                0x08004518        0x8 Source/Middlewares/FreeRTOS/Source/libfreertos_kernel.a(tasks.c.obj)
 .ARM.exidx.text.xTaskResumeAll
                0x08004520        0x8 Source/Middlewares/FreeRTOS/Source/libfreertos_kernel.a(tasks.c.obj)
 .ARM.exidx.text.xTaskDelayUntil
                0x08004528        0x0 Source/Middlewares/FreeRTOS/Source/libfreertos_kernel.a(tasks.c.obj)
                                  0x8 (size before relaxing)
 .ARM.exidx.text.vTaskSwitchContext
                0x08004528        0x8 Source/Middlewares/FreeRTOS/Source/libfreertos_kernel.a(tasks.c.obj)
 .ARM.exidx.text.vTaskPlaceOnEventList
                0x08004530        0x8 Source/Middlewares/FreeRTOS/Source/libfreertos_kernel.a(tasks.c.obj)
 .ARM.exidx.text.vTaskPlaceOnEventListRestricted
                0x08004538        0x8 Source/Middlewares/FreeRTOS/Source/libfreertos_kernel.a(tasks.c.obj)
 .ARM.exidx.text.xTaskRemoveFromEventList
                0x08004540        0x8 Source/Middlewares/FreeRTOS/Source/libfreertos_kernel.a(tasks.c.obj)
 .ARM.exidx.text.vTaskInternalSetTimeOutState
                0x08004548        0x8 Source/Middlewares/FreeRTOS/Source/libfreertos_kernel.a(tasks.c.obj)
 .ARM.exidx.text.xTaskCheckForTimeOut
                0x08004550        0x8 Source/Middlewares/FreeRTOS/Source/libfreertos_kernel.a(tasks.c.obj)
 .ARM.exidx.text.vTaskMissedYield
                0x08004558        0x8 Source/Middlewares/FreeRTOS/Source/libfreertos_kernel.a(tasks.c.obj)
 .ARM.exidx.text.xTaskGetCurrentTaskHandle
                0x08004560        0x0 Source/Middlewares/FreeRTOS/Source/libfreertos_kernel.a(tasks.c.obj)
                                  0x8 (size before relaxing)
 .ARM.exidx.text.xTaskGetSchedulerState
                0x08004560        0x0 Source/Middlewares/FreeRTOS/Source/libfreertos_kernel.a(tasks.c.obj)
                                  0x8 (size before relaxing)
 .ARM.exidx.text.prvGetNextExpireTime
                0x08004560        0x0 Source/Middlewares/FreeRTOS/Source/libfreertos_kernel.a(timers.c.obj)
                                  0x8 (size before relaxing)
 .ARM.exidx.text.prvInsertTimerInActiveList
                0x08004560        0x8 Source/Middlewares/FreeRTOS/Source/libfreertos_kernel.a(timers.c.obj)
 .ARM.exidx.text.prvReloadTimer
                0x08004568        0x8 Source/Middlewares/FreeRTOS/Source/libfreertos_kernel.a(timers.c.obj)
 .ARM.exidx.text.prvProcessExpiredTimer
                0x08004570        0x0 Source/Middlewares/FreeRTOS/Source/libfreertos_kernel.a(timers.c.obj)
                                  0x8 (size before relaxing)
 .ARM.exidx.text.prvSwitchTimerLists
                0x08004570        0x8 Source/Middlewares/FreeRTOS/Source/libfreertos_kernel.a(timers.c.obj)
 .ARM.exidx.text.prvSampleTimeNow
                0x08004578        0x8 Source/Middlewares/FreeRTOS/Source/libfreertos_kernel.a(timers.c.obj)
 .ARM.exidx.text.prvProcessTimerOrBlockTask
                0x08004580        0x8 Source/Middlewares/FreeRTOS/Source/libfreertos_kernel.a(timers.c.obj)
 .ARM.exidx.text.prvProcessReceivedCommands
                0x08004588        0x8 Source/Middlewares/FreeRTOS/Source/libfreertos_kernel.a(timers.c.obj)
 .ARM.exidx.text.prvTimerTask
                0x08004590        0x8 Source/Middlewares/FreeRTOS/Source/libfreertos_kernel.a(timers.c.obj)
 .ARM.exidx.text.prvCheckForValidListAndQueue
                0x08004598        0x8 Source/Middlewares/FreeRTOS/Source/libfreertos_kernel.a(timers.c.obj)
 .ARM.exidx.text.xTimerCreateTimerTask
                0x080045a0        0x8 Source/Middlewares/FreeRTOS/Source/libfreertos_kernel.a(timers.c.obj)
 .ARM.exidx.text.prvHeapInit
                0x080045a8        0x8 Source/Middlewares/FreeRTOS/Source/libfreertos_kernel.a(heap_4.c.obj)
 .ARM.exidx.text.prvInsertBlockIntoFreeList
                0x080045b0        0x8 Source/Middlewares/FreeRTOS/Source/libfreertos_kernel.a(heap_4.c.obj)
 .ARM.exidx.text.pvPortMalloc
                0x080045b8        0x8 Source/Middlewares/FreeRTOS/Source/libfreertos_kernel.a(heap_4.c.obj)
 .ARM.exidx.text.vPortFree
                0x080045c0        0x8 Source/Middlewares/FreeRTOS/Source/libfreertos_kernel.a(heap_4.c.obj)
 .ARM.exidx.text.vListInitialise
                0x080045c8        0x8 Source/Middlewares/FreeRTOS/Source/libfreertos_kernel.a(list.c.obj)
 .ARM.exidx.text.vListInitialiseItem
                0x080045d0        0x0 Source/Middlewares/FreeRTOS/Source/libfreertos_kernel.a(list.c.obj)
                                  0x8 (size before relaxing)
 .ARM.exidx.text.vListInsert
                0x080045d0        0x8 Source/Middlewares/FreeRTOS/Source/libfreertos_kernel.a(list.c.obj)
 .ARM.exidx.text.uxListRemove
                0x080045d8        0x8 Source/Middlewares/FreeRTOS/Source/libfreertos_kernel.a(list.c.obj)
 .ARM.exidx.text.prvIsQueueEmpty
                0x080045e0        0x8 Source/Middlewares/FreeRTOS/Source/libfreertos_kernel.a(queue.c.obj)
 .ARM.exidx.text.prvCopyDataFromQueue
                0x080045e8        0x0 Source/Middlewares/FreeRTOS/Source/libfreertos_kernel.a(queue.c.obj)
                                  0x8 (size before relaxing)
 .ARM.exidx.text.prvUnlockQueue
                0x080045e8        0x8 Source/Middlewares/FreeRTOS/Source/libfreertos_kernel.a(queue.c.obj)
 .ARM.exidx.text.xQueueGenericReset
                0x080045f0        0x0 Source/Middlewares/FreeRTOS/Source/libfreertos_kernel.a(queue.c.obj)
                                  0x8 (size before relaxing)
 .ARM.exidx.text.prvInitialiseNewQueue
                0x080045f0        0x8 Source/Middlewares/FreeRTOS/Source/libfreertos_kernel.a(queue.c.obj)
 .ARM.exidx.text.xQueueGenericCreateStatic
                0x080045f8        0x8 Source/Middlewares/FreeRTOS/Source/libfreertos_kernel.a(queue.c.obj)
 .ARM.exidx.text.xQueueReceive
                0x08004600        0x0 Source/Middlewares/FreeRTOS/Source/libfreertos_kernel.a(queue.c.obj)
                                  0x8 (size before relaxing)
 .ARM.exidx.text.vQueueWaitForMessageRestricted
                0x08004600        0x8 Source/Middlewares/FreeRTOS/Source/libfreertos_kernel.a(queue.c.obj)
 .ARM.exidx.text._StoreChar
                0x08004608        0x8 Source/Drivers/RTT/libSEGGER_RTT.a(SEGGER_RTT_printf.c.obj)
 .ARM.exidx.text._PrintUnsigned
                0x08004610        0x8 Source/Drivers/RTT/libSEGGER_RTT.a(SEGGER_RTT_printf.c.obj)
 .ARM.exidx.text._PrintInt
                0x08004618        0x8 Source/Drivers/RTT/libSEGGER_RTT.a(SEGGER_RTT_printf.c.obj)
 .ARM.exidx.text.SEGGER_RTT_vprintf
                0x08004620        0x8 Source/Drivers/RTT/libSEGGER_RTT.a(SEGGER_RTT_printf.c.obj)
 .ARM.exidx.text.SEGGER_RTT_printf
                0x08004628        0x8 Source/Drivers/RTT/libSEGGER_RTT.a(SEGGER_RTT_printf.c.obj)
 .ARM.exidx.text._GetAvailWriteSpace
                0x08004630        0x8 Source/Drivers/RTT/libSEGGER_RTT.a(SEGGER_RTT.c.obj)
 .ARM.exidx.text._WriteNoCheck
                0x08004638        0x8 Source/Drivers/RTT/libSEGGER_RTT.a(SEGGER_RTT.c.obj)
 .ARM.exidx.text._WriteBlocking
                0x08004640        0x0 Source/Drivers/RTT/libSEGGER_RTT.a(SEGGER_RTT.c.obj)
                                  0x8 (size before relaxing)
 .ARM.exidx.text._DoInit
                0x08004640        0x8 Source/Drivers/RTT/libSEGGER_RTT.a(SEGGER_RTT.c.obj)
 .ARM.exidx.text.SEGGER_RTT_WriteNoLock
                0x08004648        0x8 Source/Drivers/RTT/libSEGGER_RTT.a(SEGGER_RTT.c.obj)
 .ARM.exidx.text.SEGGER_RTT_Write
                0x08004650        0x0 Source/Drivers/RTT/libSEGGER_RTT.a(SEGGER_RTT.c.obj)
                                  0x8 (size before relaxing)
 .ARM.exidx.text.SEGGER_RTT_WriteString
                0x08004650        0x8 Source/Drivers/RTT/libSEGGER_RTT.a(SEGGER_RTT.c.obj)
 .ARM.exidx.text.SEGGER_RTT_Init
                0x08004658        0x8 Source/Drivers/RTT/libSEGGER_RTT.a(SEGGER_RTT.c.obj)
 .ARM.exidx.text.dma_deinit
                0x08004660        0x8 Source/Drivers/GD32F3x0_standard_peripheral/libGD32F3x0_standard_peripheral.a(gd32f3x0_dma.c.obj)
 .ARM.exidx.text.dma_struct_para_init
                0x08004668        0x0 Source/Drivers/GD32F3x0_standard_peripheral/libGD32F3x0_standard_peripheral.a(gd32f3x0_dma.c.obj)
                                  0x8 (size before relaxing)
 .ARM.exidx.text.dma_circulation_disable
                0x08004668        0x0 Source/Drivers/GD32F3x0_standard_peripheral/libGD32F3x0_standard_peripheral.a(gd32f3x0_dma.c.obj)
                                  0x8 (size before relaxing)
 .ARM.exidx.text.dma_memory_to_memory_disable
                0x08004668        0x0 Source/Drivers/GD32F3x0_standard_peripheral/libGD32F3x0_standard_peripheral.a(gd32f3x0_dma.c.obj)
                                  0x8 (size before relaxing)
 .ARM.exidx.text.dma_channel_enable
                0x08004668        0x0 Source/Drivers/GD32F3x0_standard_peripheral/libGD32F3x0_standard_peripheral.a(gd32f3x0_dma.c.obj)
                                  0x8 (size before relaxing)
 .ARM.exidx.text.dma_channel_disable
                0x08004668        0x0 Source/Drivers/GD32F3x0_standard_peripheral/libGD32F3x0_standard_peripheral.a(gd32f3x0_dma.c.obj)
                                  0x8 (size before relaxing)
 .ARM.exidx.text.dma_init
                0x08004668        0x8 Source/Drivers/GD32F3x0_standard_peripheral/libGD32F3x0_standard_peripheral.a(gd32f3x0_dma.c.obj)
 .ARM.exidx.text.dma_memory_address_config
                0x08004670        0x8 Source/Drivers/GD32F3x0_standard_peripheral/libGD32F3x0_standard_peripheral.a(gd32f3x0_dma.c.obj)
 .ARM.exidx.text.dma_transfer_number_config
                0x08004678        0x0 Source/Drivers/GD32F3x0_standard_peripheral/libGD32F3x0_standard_peripheral.a(gd32f3x0_dma.c.obj)
                                  0x8 (size before relaxing)
 .ARM.exidx.text.dma_transfer_number_get
                0x08004678        0x0 Source/Drivers/GD32F3x0_standard_peripheral/libGD32F3x0_standard_peripheral.a(gd32f3x0_dma.c.obj)
                                  0x8 (size before relaxing)
 .ARM.exidx.text.dma_flag_get
                0x08004678        0x0 Source/Drivers/GD32F3x0_standard_peripheral/libGD32F3x0_standard_peripheral.a(gd32f3x0_dma.c.obj)
                                  0x8 (size before relaxing)
 .ARM.exidx.text.dma_flag_clear
                0x08004678        0x0 Source/Drivers/GD32F3x0_standard_peripheral/libGD32F3x0_standard_peripheral.a(gd32f3x0_dma.c.obj)
                                  0x8 (size before relaxing)
 .ARM.exidx.text.gpio_mode_set
                0x08004678        0x8 Source/Drivers/GD32F3x0_standard_peripheral/libGD32F3x0_standard_peripheral.a(gd32f3x0_gpio.c.obj)
 .ARM.exidx.text.gpio_output_options_set
                0x08004680        0x8 Source/Drivers/GD32F3x0_standard_peripheral/libGD32F3x0_standard_peripheral.a(gd32f3x0_gpio.c.obj)
 .ARM.exidx.text.gpio_af_set
                0x08004688        0x0 Source/Drivers/GD32F3x0_standard_peripheral/libGD32F3x0_standard_peripheral.a(gd32f3x0_gpio.c.obj)
                                  0x8 (size before relaxing)
 .ARM.exidx.text.nvic_irq_enable
                0x08004688        0x8 Source/Drivers/GD32F3x0_standard_peripheral/libGD32F3x0_standard_peripheral.a(gd32f3x0_misc.c.obj)
 .ARM.exidx.text.nvic_vector_table_set
                0x08004690        0x8 Source/Drivers/GD32F3x0_standard_peripheral/libGD32F3x0_standard_peripheral.a(gd32f3x0_misc.c.obj)
 .ARM.exidx.text.rcu_periph_clock_enable
                0x08004698        0x0 Source/Drivers/GD32F3x0_standard_peripheral/libGD32F3x0_standard_peripheral.a(gd32f3x0_rcu.c.obj)
                                  0x8 (size before relaxing)
 .ARM.exidx.text.rcu_periph_clock_disable
                0x08004698        0x0 Source/Drivers/GD32F3x0_standard_peripheral/libGD32F3x0_standard_peripheral.a(gd32f3x0_rcu.c.obj)
                                  0x8 (size before relaxing)
 .ARM.exidx.text.rcu_periph_reset_enable
                0x08004698        0x0 Source/Drivers/GD32F3x0_standard_peripheral/libGD32F3x0_standard_peripheral.a(gd32f3x0_rcu.c.obj)
                                  0x8 (size before relaxing)
 .ARM.exidx.text.rcu_periph_reset_disable
                0x08004698        0x0 Source/Drivers/GD32F3x0_standard_peripheral/libGD32F3x0_standard_peripheral.a(gd32f3x0_rcu.c.obj)
                                  0x8 (size before relaxing)
 .ARM.exidx.text.rcu_clock_freq_get
                0x08004698        0x8 Source/Drivers/GD32F3x0_standard_peripheral/libGD32F3x0_standard_peripheral.a(gd32f3x0_rcu.c.obj)
 .ARM.exidx.text.usart_deinit
                0x080046a0        0x8 Source/Drivers/GD32F3x0_standard_peripheral/libGD32F3x0_standard_peripheral.a(gd32f3x0_usart.c.obj)
 .ARM.exidx.text.usart_baudrate_set
                0x080046a8        0x8 Source/Drivers/GD32F3x0_standard_peripheral/libGD32F3x0_standard_peripheral.a(gd32f3x0_usart.c.obj)
 .ARM.exidx.text.usart_parity_config
                0x080046b0        0x8 Source/Drivers/GD32F3x0_standard_peripheral/libGD32F3x0_standard_peripheral.a(gd32f3x0_usart.c.obj)
 .ARM.exidx.text.usart_word_length_set
                0x080046b8        0x0 Source/Drivers/GD32F3x0_standard_peripheral/libGD32F3x0_standard_peripheral.a(gd32f3x0_usart.c.obj)
                                  0x8 (size before relaxing)
 .ARM.exidx.text.usart_stop_bit_set
                0x080046b8        0x0 Source/Drivers/GD32F3x0_standard_peripheral/libGD32F3x0_standard_peripheral.a(gd32f3x0_usart.c.obj)
                                  0x8 (size before relaxing)
 .ARM.exidx.text.usart_enable
                0x080046b8        0x0 Source/Drivers/GD32F3x0_standard_peripheral/libGD32F3x0_standard_peripheral.a(gd32f3x0_usart.c.obj)
                                  0x8 (size before relaxing)
 .ARM.exidx.text.usart_transmit_config
                0x080046b8        0x0 Source/Drivers/GD32F3x0_standard_peripheral/libGD32F3x0_standard_peripheral.a(gd32f3x0_usart.c.obj)
                                  0x8 (size before relaxing)
 .ARM.exidx.text.usart_receive_config
                0x080046b8        0x0 Source/Drivers/GD32F3x0_standard_peripheral/libGD32F3x0_standard_peripheral.a(gd32f3x0_usart.c.obj)
                                  0x8 (size before relaxing)
 .ARM.exidx.text.usart_dma_receive_config
                0x080046b8        0x0 Source/Drivers/GD32F3x0_standard_peripheral/libGD32F3x0_standard_peripheral.a(gd32f3x0_usart.c.obj)
                                  0x8 (size before relaxing)
 .ARM.exidx.text.usart_dma_transmit_config
                0x080046b8        0x0 Source/Drivers/GD32F3x0_standard_peripheral/libGD32F3x0_standard_peripheral.a(gd32f3x0_usart.c.obj)
                                  0x8 (size before relaxing)
 .ARM.exidx.text.usart_flag_get
                0x080046b8        0x0 Source/Drivers/GD32F3x0_standard_peripheral/libGD32F3x0_standard_peripheral.a(gd32f3x0_usart.c.obj)
                                  0x8 (size before relaxing)
 .ARM.exidx.text.usart_flag_clear
                0x080046b8        0x0 Source/Drivers/GD32F3x0_standard_peripheral/libGD32F3x0_standard_peripheral.a(gd32f3x0_usart.c.obj)
                                  0x8 (size before relaxing)
 .ARM.exidx.text.usart_interrupt_flag_get
                0x080046b8        0x8 Source/Drivers/GD32F3x0_standard_peripheral/libGD32F3x0_standard_peripheral.a(gd32f3x0_usart.c.obj)
 .ARM.exidx.text.usart_interrupt_flag_clear
                0x080046c0        0x8 Source/Drivers/GD32F3x0_standard_peripheral/libGD32F3x0_standard_peripheral.a(gd32f3x0_usart.c.obj)
 .ARM.exidx.text.prvPortStartFirstTask
                0x080046c8        0x0 Source/Middlewares/FreeRTOS/Source/portable/libfreertos_kernel_port.a(port.c.obj)
                                  0x8 (size before relaxing)
 .ARM.exidx.text.vPortEnableVFP
                0x080046c8        0x0 Source/Middlewares/FreeRTOS/Source/portable/libfreertos_kernel_port.a(port.c.obj)
                                  0x8 (size before relaxing)
 .ARM.exidx.text.prvTaskExitError
                0x080046c8        0x8 Source/Middlewares/FreeRTOS/Source/portable/libfreertos_kernel_port.a(port.c.obj)
 .ARM.exidx.text.pxPortInitialiseStack
                0x080046d0        0x8 Source/Middlewares/FreeRTOS/Source/portable/libfreertos_kernel_port.a(port.c.obj)
 .ARM.exidx.text.SVC_Handler
                0x080046d8        0x0 Source/Middlewares/FreeRTOS/Source/portable/libfreertos_kernel_port.a(port.c.obj)
                                  0x8 (size before relaxing)
 .ARM.exidx.text.vPortEnterCritical
                0x080046d8        0x8 Source/Middlewares/FreeRTOS/Source/portable/libfreertos_kernel_port.a(port.c.obj)
 .ARM.exidx.text.vPortExitCritical
                0x080046e0        0x8 Source/Middlewares/FreeRTOS/Source/portable/libfreertos_kernel_port.a(port.c.obj)
 .ARM.exidx.text.PendSV_Handler
                0x080046e8        0x8 Source/Middlewares/FreeRTOS/Source/portable/libfreertos_kernel_port.a(port.c.obj)
 .ARM.exidx.text.SysTick_Handler
                0x080046f0        0x8 Source/Middlewares/FreeRTOS/Source/portable/libfreertos_kernel_port.a(port.c.obj)
 .ARM.exidx.text.vPortSetupTimerInterrupt
                0x080046f8        0x8 Source/Middlewares/FreeRTOS/Source/portable/libfreertos_kernel_port.a(port.c.obj)
 .ARM.exidx.text.xPortStartScheduler
                0x08004700        0x8 Source/Middlewares/FreeRTOS/Source/portable/libfreertos_kernel_port.a(port.c.obj)
 .ARM.exidx.text.selfrel_offset31
                0x08004708        0x8 D:/SDK/arm-gnu-toolchain-13.2.rel1/bin/../lib/gcc/arm-none-eabi/13.2.1/thumb/v7e-m+fp/hard\libgcc.a(unwind-arm.o)
 .ARM.exidx.text.search_EIT_table
                0x08004710        0x0 D:/SDK/arm-gnu-toolchain-13.2.rel1/bin/../lib/gcc/arm-none-eabi/13.2.1/thumb/v7e-m+fp/hard\libgcc.a(unwind-arm.o)
                                  0x8 (size before relaxing)
 .ARM.exidx.text.__gnu_unwind_get_pr_addr
                0x08004710        0x0 D:/SDK/arm-gnu-toolchain-13.2.rel1/bin/../lib/gcc/arm-none-eabi/13.2.1/thumb/v7e-m+fp/hard\libgcc.a(unwind-arm.o)
                                  0x8 (size before relaxing)
 .ARM.exidx.text.get_eit_entry
                0x08004710        0x8 D:/SDK/arm-gnu-toolchain-13.2.rel1/bin/../lib/gcc/arm-none-eabi/13.2.1/thumb/v7e-m+fp/hard\libgcc.a(unwind-arm.o)
 .ARM.exidx.text.restore_non_core_regs
                0x08004718        0x8 D:/SDK/arm-gnu-toolchain-13.2.rel1/bin/../lib/gcc/arm-none-eabi/13.2.1/thumb/v7e-m+fp/hard\libgcc.a(unwind-arm.o)
 .ARM.exidx.text._Unwind_decode_typeinfo_ptr.constprop.0
                0x08004720        0x8 D:/SDK/arm-gnu-toolchain-13.2.rel1/bin/../lib/gcc/arm-none-eabi/13.2.1/thumb/v7e-m+fp/hard\libgcc.a(unwind-arm.o)
 .ARM.exidx.text._Unwind_DebugHook
                0x08004728        0x0 D:/SDK/arm-gnu-toolchain-13.2.rel1/bin/../lib/gcc/arm-none-eabi/13.2.1/thumb/v7e-m+fp/hard\libgcc.a(unwind-arm.o)
                                  0x8 (size before relaxing)
 .ARM.exidx.text.unwind_phase2
                0x08004728        0x8 D:/SDK/arm-gnu-toolchain-13.2.rel1/bin/../lib/gcc/arm-none-eabi/13.2.1/thumb/v7e-m+fp/hard\libgcc.a(unwind-arm.o)
 .ARM.exidx.text.unwind_phase2_forced
                0x08004730        0x8 D:/SDK/arm-gnu-toolchain-13.2.rel1/bin/../lib/gcc/arm-none-eabi/13.2.1/thumb/v7e-m+fp/hard\libgcc.a(unwind-arm.o)
 .ARM.exidx.text.__gnu_Unwind_RaiseException
                0x08004738        0x8 D:/SDK/arm-gnu-toolchain-13.2.rel1/bin/../lib/gcc/arm-none-eabi/13.2.1/thumb/v7e-m+fp/hard\libgcc.a(unwind-arm.o)
 .ARM.exidx.text.__gnu_Unwind_ForcedUnwind
                0x08004740        0x8 D:/SDK/arm-gnu-toolchain-13.2.rel1/bin/../lib/gcc/arm-none-eabi/13.2.1/thumb/v7e-m+fp/hard\libgcc.a(unwind-arm.o)
 .ARM.exidx.text.__gnu_Unwind_Resume
                0x08004748        0x8 D:/SDK/arm-gnu-toolchain-13.2.rel1/bin/../lib/gcc/arm-none-eabi/13.2.1/thumb/v7e-m+fp/hard\libgcc.a(unwind-arm.o)
 .ARM.exidx.text.__gnu_Unwind_Resume_or_Rethrow
                0x08004750        0x8 D:/SDK/arm-gnu-toolchain-13.2.rel1/bin/../lib/gcc/arm-none-eabi/13.2.1/thumb/v7e-m+fp/hard\libgcc.a(unwind-arm.o)
 .ARM.exidx.text._Unwind_VRS_Get
                0x08004758        0x0 D:/SDK/arm-gnu-toolchain-13.2.rel1/bin/../lib/gcc/arm-none-eabi/13.2.1/thumb/v7e-m+fp/hard\libgcc.a(unwind-arm.o)
                                  0x8 (size before relaxing)
 .ARM.exidx.text._Unwind_GetGR
                0x08004758        0x0 D:/SDK/arm-gnu-toolchain-13.2.rel1/bin/../lib/gcc/arm-none-eabi/13.2.1/thumb/v7e-m+fp/hard\libgcc.a(unwind-arm.o)
                                  0x8 (size before relaxing)
 .ARM.exidx.text._Unwind_VRS_Set
                0x08004758        0x0 D:/SDK/arm-gnu-toolchain-13.2.rel1/bin/../lib/gcc/arm-none-eabi/13.2.1/thumb/v7e-m+fp/hard\libgcc.a(unwind-arm.o)
                                  0x8 (size before relaxing)
 .ARM.exidx.text._Unwind_SetGR
                0x08004758        0x0 D:/SDK/arm-gnu-toolchain-13.2.rel1/bin/../lib/gcc/arm-none-eabi/13.2.1/thumb/v7e-m+fp/hard\libgcc.a(unwind-arm.o)
                                  0x8 (size before relaxing)
 .ARM.exidx.text.__gnu_Unwind_Backtrace
                0x08004758        0x8 D:/SDK/arm-gnu-toolchain-13.2.rel1/bin/../lib/gcc/arm-none-eabi/13.2.1/thumb/v7e-m+fp/hard\libgcc.a(unwind-arm.o)
 .ARM.exidx.text.__gnu_unwind_pr_common
                0x08004760        0x8 D:/SDK/arm-gnu-toolchain-13.2.rel1/bin/../lib/gcc/arm-none-eabi/13.2.1/thumb/v7e-m+fp/hard\libgcc.a(unwind-arm.o)
 .ARM.exidx.text.__aeabi_unwind_cpp_pr0
                0x08004768        0x8 D:/SDK/arm-gnu-toolchain-13.2.rel1/bin/../lib/gcc/arm-none-eabi/13.2.1/thumb/v7e-m+fp/hard\libgcc.a(unwind-arm.o)
 .ARM.exidx.text.__aeabi_unwind_cpp_pr1
                0x08004770        0x0 D:/SDK/arm-gnu-toolchain-13.2.rel1/bin/../lib/gcc/arm-none-eabi/13.2.1/thumb/v7e-m+fp/hard\libgcc.a(unwind-arm.o)
                                  0x8 (size before relaxing)
 .ARM.exidx.text.__aeabi_unwind_cpp_pr2
                0x08004770        0x0 D:/SDK/arm-gnu-toolchain-13.2.rel1/bin/../lib/gcc/arm-none-eabi/13.2.1/thumb/v7e-m+fp/hard\libgcc.a(unwind-arm.o)
                                  0x8 (size before relaxing)
 .ARM.exidx.text._Unwind_VRS_Pop
                0x08004770        0x8 D:/SDK/arm-gnu-toolchain-13.2.rel1/bin/../lib/gcc/arm-none-eabi/13.2.1/thumb/v7e-m+fp/hard\libgcc.a(unwind-arm.o)
 .ARM.exidx.text.next_unwind_byte
                0x08004778        0x8 D:/SDK/arm-gnu-toolchain-13.2.rel1/bin/../lib/gcc/arm-none-eabi/13.2.1/thumb/v7e-m+fp/hard\libgcc.a(pr-support.o)
 .ARM.exidx.text.__gnu_unwind_execute
                0x08004780       0x10 D:/SDK/arm-gnu-toolchain-13.2.rel1/bin/../lib/gcc/arm-none-eabi/13.2.1/thumb/v7e-m+fp/hard\libgcc.a(pr-support.o)
                                  0x8 (size before relaxing)
                0x08004790                        __exidx_end = .

.preinit_array  0x08004790        0x0
                0x08004790                        PROVIDE (__preinit_array_start = .)
 *(.preinit_array*)
                0x08004790                        PROVIDE (__preinit_array_end = .)

.init_array     0x08004790        0x4
                0x08004790                        PROVIDE (__init_array_start = .)
 *(SORT_BY_NAME(.init_array.*))
 *(.init_array*)
 .init_array    0x08004790        0x4 D:/SDK/arm-gnu-toolchain-13.2.rel1/bin/../lib/gcc/arm-none-eabi/13.2.1/thumb/v7e-m+fp/hard/crtbegin.o
                0x08004794                        PROVIDE (__init_array_end = .)

.fini_array     0x08004794        0x4
                [!provide]                        PROVIDE (__fini_array_start = .)
 *(SORT_BY_NAME(.fini_array.*))
 *(.fini_array*)
 .fini_array    0x08004794        0x4 D:/SDK/arm-gnu-toolchain-13.2.rel1/bin/../lib/gcc/arm-none-eabi/13.2.1/thumb/v7e-m+fp/hard/crtbegin.o
                [!provide]                        PROVIDE (__fini_array_end = .)
                0x08004798                        _sidata = LOADADDR (.data)

.rel.dyn        0x08004798        0x0
 .rel.iplt      0x08004798        0x0 D:/SDK/arm-gnu-toolchain-13.2.rel1/bin/../lib/gcc/arm-none-eabi/13.2.1/thumb/v7e-m+fp/hard/crtbegin.o

.data           0x20000000       0x58 load address 0x08004798
                0x20000000                        . = ALIGN (0x4)
                0x20000000                        _sdata = .
 *(.data)
 *(.data*)
 .data._impure_ptr
                0x20000000        0x4 D:/SDK/arm-gnu-toolchain-13.2.rel1/bin/../lib/gcc/arm-none-eabi/13.2.1/thumb/v7e-m+fp/hard\libc_nano.a(libc_a-impure.o)
                0x20000000                _impure_ptr
 .data._impure_data
                0x20000004       0x4c D:/SDK/arm-gnu-toolchain-13.2.rel1/bin/../lib/gcc/arm-none-eabi/13.2.1/thumb/v7e-m+fp/hard\libc_nano.a(libc_a-impure.o)
                0x20000004                _impure_data
 .data.SystemCoreClock
                0x20000050        0x4 Source/CMakeFiles/GD32_FreeRTOS_templete_0.1.0.dir/Drivers/CMSIS/GD/GD32F3x0/Source/system_gd32f3x0.c.obj
                0x20000050                SystemCoreClock
 .data.uxCriticalNesting
                0x20000054        0x4 Source/Middlewares/FreeRTOS/Source/portable/libfreertos_kernel_port.a(port.c.obj)
                0x20000058                        . = ALIGN (0x4)
                0x20000058                        _edata = .

.tm_clone_table
                0x20000058        0x0 load address 0x080047f0
 .tm_clone_table
                0x20000058        0x0 D:/SDK/arm-gnu-toolchain-13.2.rel1/bin/../lib/gcc/arm-none-eabi/13.2.1/thumb/v7e-m+fp/hard/crtbegin.o
 .tm_clone_table
                0x20000058        0x0 D:/SDK/arm-gnu-toolchain-13.2.rel1/bin/../lib/gcc/arm-none-eabi/13.2.1/thumb/v7e-m+fp/hard/crtend.o

.igot.plt       0x20000058        0x0 load address 0x080047f0
 .igot.plt      0x20000058        0x0 D:/SDK/arm-gnu-toolchain-13.2.rel1/bin/../lib/gcc/arm-none-eabi/13.2.1/thumb/v7e-m+fp/hard/crtbegin.o
                0x20000058                        . = ALIGN (0x4)

.bss            0x20000058     0x1328 load address 0x080047f0
                0x20000058                        _sbss = .
                0x20000058                        __bss_start__ = _sbss
 *(.bss)
 *(.bss*)
 .bss.completed.1
                0x20000058        0x1 D:/SDK/arm-gnu-toolchain-13.2.rel1/bin/../lib/gcc/arm-none-eabi/13.2.1/thumb/v7e-m+fp/hard/crtbegin.o
 *fill*         0x20000059        0x3 
 .bss.object.0  0x2000005c       0x18 D:/SDK/arm-gnu-toolchain-13.2.rel1/bin/../lib/gcc/arm-none-eabi/13.2.1/thumb/v7e-m+fp/hard/crtbegin.o
 .bss.__sf      0x20000074      0x138 D:/SDK/arm-gnu-toolchain-13.2.rel1/bin/../lib/gcc/arm-none-eabi/13.2.1/thumb/v7e-m+fp/hard\libc_nano.a(libc_a-findfp.o)
                0x20000074                __sf
 .bss.errno     0x200001ac        0x4 D:/SDK/arm-gnu-toolchain-13.2.rel1/bin/../lib/gcc/arm-none-eabi/13.2.1/thumb/v7e-m+fp/hard\libc_nano.a(libc_a-reent.o)
                0x200001ac                errno
 .bss.Timer_Stack.2
                0x200001b0       0xc8 Source/CMakeFiles/GD32_FreeRTOS_templete_0.1.0.dir/Core/freertos.c.obj
 .bss.Timer_TCB.3
                0x20000278       0x58 Source/CMakeFiles/GD32_FreeRTOS_templete_0.1.0.dir/Core/freertos.c.obj
 .bss.xIdleStack.4
                0x200002d0       0x80 Source/CMakeFiles/GD32_FreeRTOS_templete_0.1.0.dir/Core/freertos.c.obj
 .bss.xIdleTaskTCBBuffer.5
                0x20000350       0x58 Source/CMakeFiles/GD32_FreeRTOS_templete_0.1.0.dir/Core/freertos.c.obj
 .bss.rx_size   0x200003a8        0x4 Source/CMakeFiles/GD32_FreeRTOS_templete_0.1.0.dir/BSP/src/bsp_uart.c.obj
 .bss.rx_count  0x200003ac        0x4 Source/CMakeFiles/GD32_FreeRTOS_templete_0.1.0.dir/BSP/src/bsp_uart.c.obj
 .bss.receive_flag
                0x200003b0        0x4 Source/CMakeFiles/GD32_FreeRTOS_templete_0.1.0.dir/BSP/src/bsp_uart.c.obj
 .bss.ulTotalRunTime
                0x200003b4        0x4 Source/Middlewares/FreeRTOS/Source/libfreertos_kernel.a(tasks.c.obj)
 .bss.ulTaskSwitchedInTime
                0x200003b8        0x4 Source/Middlewares/FreeRTOS/Source/libfreertos_kernel.a(tasks.c.obj)
 .bss.uxSchedulerSuspended
                0x200003bc        0x4 Source/Middlewares/FreeRTOS/Source/libfreertos_kernel.a(tasks.c.obj)
 .bss.xIdleTaskHandle
                0x200003c0        0x4 Source/Middlewares/FreeRTOS/Source/libfreertos_kernel.a(tasks.c.obj)
 .bss.xNextTaskUnblockTime
                0x200003c4        0x4 Source/Middlewares/FreeRTOS/Source/libfreertos_kernel.a(tasks.c.obj)
 .bss.uxTaskNumber
                0x200003c8        0x4 Source/Middlewares/FreeRTOS/Source/libfreertos_kernel.a(tasks.c.obj)
 .bss.xNumOfOverflows
                0x200003cc        0x4 Source/Middlewares/FreeRTOS/Source/libfreertos_kernel.a(tasks.c.obj)
 .bss.xYieldPending
                0x200003d0        0x4 Source/Middlewares/FreeRTOS/Source/libfreertos_kernel.a(tasks.c.obj)
 .bss.xPendedTicks
                0x200003d4        0x4 Source/Middlewares/FreeRTOS/Source/libfreertos_kernel.a(tasks.c.obj)
 .bss.xSchedulerRunning
                0x200003d8        0x4 Source/Middlewares/FreeRTOS/Source/libfreertos_kernel.a(tasks.c.obj)
 .bss.uxTopReadyPriority
                0x200003dc        0x4 Source/Middlewares/FreeRTOS/Source/libfreertos_kernel.a(tasks.c.obj)
 .bss.xTickCount
                0x200003e0        0x4 Source/Middlewares/FreeRTOS/Source/libfreertos_kernel.a(tasks.c.obj)
 .bss.uxCurrentNumberOfTasks
                0x200003e4        0x4 Source/Middlewares/FreeRTOS/Source/libfreertos_kernel.a(tasks.c.obj)
 .bss.xSuspendedTaskList
                0x200003e8       0x14 Source/Middlewares/FreeRTOS/Source/libfreertos_kernel.a(tasks.c.obj)
 .bss.uxDeletedTasksWaitingCleanUp
                0x200003fc        0x4 Source/Middlewares/FreeRTOS/Source/libfreertos_kernel.a(tasks.c.obj)
 .bss.xTasksWaitingTermination
                0x20000400       0x14 Source/Middlewares/FreeRTOS/Source/libfreertos_kernel.a(tasks.c.obj)
 .bss.xPendingReadyList
                0x20000414       0x14 Source/Middlewares/FreeRTOS/Source/libfreertos_kernel.a(tasks.c.obj)
 .bss.pxOverflowDelayedTaskList
                0x20000428        0x4 Source/Middlewares/FreeRTOS/Source/libfreertos_kernel.a(tasks.c.obj)
 .bss.pxDelayedTaskList
                0x2000042c        0x4 Source/Middlewares/FreeRTOS/Source/libfreertos_kernel.a(tasks.c.obj)
 .bss.xDelayedTaskList2
                0x20000430       0x14 Source/Middlewares/FreeRTOS/Source/libfreertos_kernel.a(tasks.c.obj)
 .bss.xDelayedTaskList1
                0x20000444       0x14 Source/Middlewares/FreeRTOS/Source/libfreertos_kernel.a(tasks.c.obj)
 .bss.pxReadyTasksLists
                0x20000458      0x140 Source/Middlewares/FreeRTOS/Source/libfreertos_kernel.a(tasks.c.obj)
 .bss.pxCurrentTCB
                0x20000598        0x4 Source/Middlewares/FreeRTOS/Source/libfreertos_kernel.a(tasks.c.obj)
                0x20000598                pxCurrentTCB
 .bss.xStaticTimerQueue.0
                0x2000059c       0x48 Source/Middlewares/FreeRTOS/Source/libfreertos_kernel.a(timers.c.obj)
 .bss.ucStaticTimerQueueStorage.1
                0x200005e4       0x78 Source/Middlewares/FreeRTOS/Source/libfreertos_kernel.a(timers.c.obj)
 .bss.xLastTime.2
                0x2000065c        0x4 Source/Middlewares/FreeRTOS/Source/libfreertos_kernel.a(timers.c.obj)
 .bss.xTimerTaskHandle
                0x20000660        0x4 Source/Middlewares/FreeRTOS/Source/libfreertos_kernel.a(timers.c.obj)
 .bss.xTimerQueue
                0x20000664        0x4 Source/Middlewares/FreeRTOS/Source/libfreertos_kernel.a(timers.c.obj)
 .bss.pxOverflowTimerList
                0x20000668        0x4 Source/Middlewares/FreeRTOS/Source/libfreertos_kernel.a(timers.c.obj)
 .bss.pxCurrentTimerList
                0x2000066c        0x4 Source/Middlewares/FreeRTOS/Source/libfreertos_kernel.a(timers.c.obj)
 .bss.xActiveTimerList2
                0x20000670       0x14 Source/Middlewares/FreeRTOS/Source/libfreertos_kernel.a(timers.c.obj)
 .bss.xActiveTimerList1
                0x20000684       0x14 Source/Middlewares/FreeRTOS/Source/libfreertos_kernel.a(timers.c.obj)
 .bss.xNumberOfSuccessfulFrees
                0x20000698        0x4 Source/Middlewares/FreeRTOS/Source/libfreertos_kernel.a(heap_4.c.obj)
 .bss.xNumberOfSuccessfulAllocations
                0x2000069c        0x4 Source/Middlewares/FreeRTOS/Source/libfreertos_kernel.a(heap_4.c.obj)
 .bss.xMinimumEverFreeBytesRemaining
                0x200006a0        0x4 Source/Middlewares/FreeRTOS/Source/libfreertos_kernel.a(heap_4.c.obj)
 .bss.xFreeBytesRemaining
                0x200006a4        0x4 Source/Middlewares/FreeRTOS/Source/libfreertos_kernel.a(heap_4.c.obj)
 .bss.pxEnd     0x200006a8        0x4 Source/Middlewares/FreeRTOS/Source/libfreertos_kernel.a(heap_4.c.obj)
 .bss.xStart    0x200006ac        0x8 Source/Middlewares/FreeRTOS/Source/libfreertos_kernel.a(heap_4.c.obj)
 .bss.ucHeap    0x200006b4      0xc00 Source/Middlewares/FreeRTOS/Source/libfreertos_kernel.a(heap_4.c.obj)
 .bss._acDownBuffer
                0x200012b4        0x4 Source/Drivers/RTT/libSEGGER_RTT.a(SEGGER_RTT.c.obj)
 .bss._acUpBuffer
                0x200012b8       0x78 Source/Drivers/RTT/libSEGGER_RTT.a(SEGGER_RTT.c.obj)
 .bss._SEGGER_RTT
                0x20001330       0x48 Source/Drivers/RTT/libSEGGER_RTT.a(SEGGER_RTT.c.obj)
                0x20001330                _SEGGER_RTT
 .bss.ulMaxPRIGROUPValue
                0x20001378        0x4 Source/Middlewares/FreeRTOS/Source/portable/libfreertos_kernel_port.a(port.c.obj)
 .bss.ucMaxSysCallPriority
                0x2000137c        0x1 Source/Middlewares/FreeRTOS/Source/portable/libfreertos_kernel_port.a(port.c.obj)
 *(COMMON)
                0x20001380                        . = ALIGN (0x4)
 *fill*         0x2000137d        0x3 
                0x20001380                        _ebss = .
                0x20001380                        __bss_end__ = _ebss

._user_heap_stack
                0x20001380      0x200 load address 0x080047f0
                0x20001380                        . = ALIGN (0x8)
                [!provide]                        PROVIDE (end = .)
                [!provide]                        PROVIDE (_end = .)
                0x20001380                        . = (. + _Min_Heap_Size)
                0x20001580                        . = (. + _Min_Stack_Size)
 *fill*         0x20001380      0x200 
                0x20001580                        . = ALIGN (0x8)

/DISCARD/
 libc.a(*)
 libm.a(*)
 libgcc.a(*)

.ARM.attributes
                0x00000000       0x30
 *(.ARM.attributes)
 .ARM.attributes
                0x00000000       0x22 D:/SDK/arm-gnu-toolchain-13.2.rel1/bin/../lib/gcc/arm-none-eabi/13.2.1/thumb/v7e-m+fp/hard/crti.o
 .ARM.attributes
                0x00000022       0x34 D:/SDK/arm-gnu-toolchain-13.2.rel1/bin/../lib/gcc/arm-none-eabi/13.2.1/thumb/v7e-m+fp/hard/crtbegin.o
 .ARM.attributes
                0x00000056       0x34 D:/SDK/arm-gnu-toolchain-13.2.rel1/bin/../lib/gcc/arm-none-eabi/13.2.1/thumb/v7e-m+fp/hard\libc_nano.a(libc_a-memset.o)
 .ARM.attributes
                0x0000008a       0x34 D:/SDK/arm-gnu-toolchain-13.2.rel1/bin/../lib/gcc/arm-none-eabi/13.2.1/thumb/v7e-m+fp/hard\libc_nano.a(libc_a-init.o)
 .ARM.attributes
                0x000000be       0x34 Source/CMakeFiles/GD32_FreeRTOS_templete_0.1.0.dir/Core/freertos.c.obj
 .ARM.attributes
                0x000000f2       0x34 Source/CMakeFiles/GD32_FreeRTOS_templete_0.1.0.dir/Core/gd32f3x0_it.c.obj
 .ARM.attributes
                0x00000126       0x34 Source/CMakeFiles/GD32_FreeRTOS_templete_0.1.0.dir/Core/main.c.obj
 .ARM.attributes
                0x0000015a       0x34 Source/CMakeFiles/GD32_FreeRTOS_templete_0.1.0.dir/Retarget/src/syscalls.c.obj
 .ARM.attributes
                0x0000018e       0x21 Source/CMakeFiles/GD32_FreeRTOS_templete_0.1.0.dir/Drivers/CMSIS/GD/GD32F3x0/Source/GNU/startup_gd32f3x0.s.obj
 .ARM.attributes
                0x000001af       0x34 Source/CMakeFiles/GD32_FreeRTOS_templete_0.1.0.dir/Drivers/CMSIS/GD/GD32F3x0/Source/system_gd32f3x0.c.obj
 .ARM.attributes
                0x000001e3       0x34 Source/CMakeFiles/GD32_FreeRTOS_templete_0.1.0.dir/BSP/src/bsp_log.c.obj
 .ARM.attributes
                0x00000217       0x34 Source/CMakeFiles/GD32_FreeRTOS_templete_0.1.0.dir/BSP/src/bsp_uart.c.obj
 .ARM.attributes
                0x0000024b       0x34 Source/Middlewares/FreeRTOS/Source/libfreertos_kernel.a(tasks.c.obj)
 .ARM.attributes
                0x0000027f       0x34 Source/Middlewares/FreeRTOS/Source/libfreertos_kernel.a(timers.c.obj)
 .ARM.attributes
                0x000002b3       0x34 Source/Middlewares/FreeRTOS/Source/libfreertos_kernel.a(heap_4.c.obj)
 .ARM.attributes
                0x000002e7       0x34 Source/Middlewares/FreeRTOS/Source/libfreertos_kernel.a(list.c.obj)
 .ARM.attributes
                0x0000031b       0x34 Source/Middlewares/FreeRTOS/Source/libfreertos_kernel.a(queue.c.obj)
 .ARM.attributes
                0x0000034f       0x34 Source/Drivers/RTT/libSEGGER_RTT.a(SEGGER_RTT_printf.c.obj)
 .ARM.attributes
                0x00000383       0x34 Source/Drivers/RTT/libSEGGER_RTT.a(SEGGER_RTT.c.obj)
 .ARM.attributes
                0x000003b7       0x34 Source/Drivers/GD32F3x0_standard_peripheral/libGD32F3x0_standard_peripheral.a(gd32f3x0_dma.c.obj)
 .ARM.attributes
                0x000003eb       0x34 Source/Drivers/GD32F3x0_standard_peripheral/libGD32F3x0_standard_peripheral.a(gd32f3x0_gpio.c.obj)
 .ARM.attributes